0<svg viewBox="-8.0 -4.5 16.0 9.0" xmlns="http://www.w3.org/2000/svg" xmlns:xlink="http://www.w3.org/1999/xlink" version="1.1" preserveAspectRatio="none"><g stroke-width="0.05" transform="scale(1.0, -1.0)"><g><g fill="#000000" transform="translate(-8.0, -4.5)"><rect width="16.0" height="9.0" /></g><g transform="scale(1.0, -1.0)" text-anchor="middle"><text font-size="2.0">import bpyif __name__ == &quot;__main__&quot;:    # Args    resolution_percentage = 40    # Setting    default_scene = bpy.context.scene    default_scene.render.resolution_percentage = resolution_percentage    default_scene.render.film_transparent = True    default_cube = bpy.data.objects[&quot;Cube&quot;]    default_cube.rotation_euler = (0,0,0.0)    # Rendering    bpy.ops.render.render(animation=False, write_still=True)</text></g><g fill="#FFFFFF" transform="translate(0.0, 2.0)"><g transform="scale(1.0, -1.0)" text-anchor="middle"><text font-size="2.0">default cube</text></g></g></g></g></svg>
1<svg viewBox="-8.0 -4.5 16.0 9.0" xmlns="http://www.w3.org/2000/svg" xmlns:xlink="http://www.w3.org/1999/xlink" version="1.1" preserveAspectRatio="none"><g stroke-width="0.05" transform="scale(1.0, -1.0)"><g><g fill="#000000" transform="translate(-8.0, -4.5)"><rect width="16.0" height="9.0" /></g><g transform="scale(1.0, -1.0)" text-anchor="middle"><text font-size="2.0">import bpyif __name__ == &quot;__main__&quot;:    # Args    resolution_percentage = 40    # Setting    default_scene = bpy.context.scene    default_scene.render.resolution_percentage = resolution_percentage    default_scene.render.film_transparent = True    default_cube = bpy.data.objects[&quot;Cube&quot;]    default_cube.rotation_euler = (0,0,6.411413578754681e-2)    # Rendering    bpy.ops.render.render(animation=False, write_still=True)</text></g><g fill="#FFFFFF" transform="translate(0.0, 2.0)"><g transform="scale(1.0, -1.0)" text-anchor="middle"><text font-size="2.0">default cube</text></g></g></g></g></svg>
2<svg viewBox="-8.0 -4.5 16.0 9.0" xmlns="http://www.w3.org/2000/svg" xmlns:xlink="http://www.w3.org/1999/xlink" version="1.1" preserveAspectRatio="none"><g stroke-width="0.05" transform="scale(1.0, -1.0)"><g><g fill="#000000" transform="translate(-8.0, -4.5)"><rect width="16.0" height="9.0" /></g><g transform="scale(1.0, -1.0)" text-anchor="middle"><text font-size="2.0">import bpyif __name__ == &quot;__main__&quot;:    # Args    resolution_percentage = 40    # Setting    default_scene = bpy.context.scene    default_scene.render.resolution_percentage = resolution_percentage    default_scene.render.film_transparent = True    default_cube = bpy.data.objects[&quot;Cube&quot;]    default_cube.rotation_euler = (0,0,0.12822827157509362)    # Rendering    bpy.ops.render.render(animation=False, write_still=True)</text></g><g fill="#FFFFFF" transform="translate(0.0, 2.0)"><g transform="scale(1.0, -1.0)" text-anchor="middle"><text font-size="2.0">default cube</text></g></g></g></g></svg>
3<svg viewBox="-8.0 -4.5 16.0 9.0" xmlns="http://www.w3.org/2000/svg" xmlns:xlink="http://www.w3.org/1999/xlink" version="1.1" preserveAspectRatio="none"><g stroke-width="0.05" transform="scale(1.0, -1.0)"><g><g fill="#000000" transform="translate(-8.0, -4.5)"><rect width="16.0" height="9.0" /></g><g transform="scale(1.0, -1.0)" text-anchor="middle"><text font-size="2.0">import bpyif __name__ == &quot;__main__&quot;:    # Args    resolution_percentage = 40    # Setting    default_scene = bpy.context.scene    default_scene.render.resolution_percentage = resolution_percentage    default_scene.render.film_transparent = True    default_cube = bpy.data.objects[&quot;Cube&quot;]    default_cube.rotation_euler = (0,0,0.19234240736264038)    # Rendering    bpy.ops.render.render(animation=False, write_still=True)</text></g><g fill="#FFFFFF" transform="translate(0.0, 2.0)"><g transform="scale(1.0, -1.0)" text-anchor="middle"><text font-size="2.0">default cube</text></g></g></g></g></svg>
4<svg viewBox="-8.0 -4.5 16.0 9.0" xmlns="http://www.w3.org/2000/svg" xmlns:xlink="http://www.w3.org/1999/xlink" version="1.1" preserveAspectRatio="none"><g stroke-width="0.05" transform="scale(1.0, -1.0)"><g><g fill="#000000" transform="translate(-8.0, -4.5)"><rect width="16.0" height="9.0" /></g><g transform="scale(1.0, -1.0)" text-anchor="middle"><text font-size="2.0">import bpyif __name__ == &quot;__main__&quot;:    # Args    resolution_percentage = 40    # Setting    default_scene = bpy.context.scene    default_scene.render.resolution_percentage = resolution_percentage    default_scene.render.film_transparent = True    default_cube = bpy.data.objects[&quot;Cube&quot;]    default_cube.rotation_euler = (0,0,0.25645654315018723)    # Rendering    bpy.ops.render.render(animation=False, write_still=True)</text></g><g fill="#FFFFFF" transform="translate(0.0, 2.0)"><g transform="scale(1.0, -1.0)" text-anchor="middle"><text font-size="2.0">default cube</text></g></g></g></g></svg>
5<svg viewBox="-8.0 -4.5 16.0 9.0" xmlns="http://www.w3.org/2000/svg" xmlns:xlink="http://www.w3.org/1999/xlink" version="1.1" preserveAspectRatio="none"><g stroke-width="0.05" transform="scale(1.0, -1.0)"><g><g fill="#000000" transform="translate(-8.0, -4.5)"><rect width="16.0" height="9.0" /></g><g transform="scale(1.0, -1.0)" text-anchor="middle"><text font-size="2.0">import bpyif __name__ == &quot;__main__&quot;:    # Args    resolution_percentage = 40    # Setting    default_scene = bpy.context.scene    default_scene.render.resolution_percentage = resolution_percentage    default_scene.render.film_transparent = True    default_cube = bpy.data.objects[&quot;Cube&quot;]    default_cube.rotation_euler = (0,0,0.320570678937734)    # Rendering    bpy.ops.render.render(animation=False, write_still=True)</text></g><g fill="#FFFFFF" transform="translate(0.0, 2.0)"><g transform="scale(1.0, -1.0)" text-anchor="middle"><text font-size="2.0">default cube</text></g></g></g></g></svg>
6<svg viewBox="-8.0 -4.5 16.0 9.0" xmlns="http://www.w3.org/2000/svg" xmlns:xlink="http://www.w3.org/1999/xlink" version="1.1" preserveAspectRatio="none"><g stroke-width="0.05" transform="scale(1.0, -1.0)"><g><g fill="#000000" transform="translate(-8.0, -4.5)"><rect width="16.0" height="9.0" /></g><g transform="scale(1.0, -1.0)" text-anchor="middle"><text font-size="2.0">import bpyif __name__ == &quot;__main__&quot;:    # Args    resolution_percentage = 40    # Setting    default_scene = bpy.context.scene    default_scene.render.resolution_percentage = resolution_percentage    default_scene.render.film_transparent = True    default_cube = bpy.data.objects[&quot;Cube&quot;]    default_cube.rotation_euler = (0,0,0.38468481472528077)    # Rendering    bpy.ops.render.render(animation=False, write_still=True)</text></g><g fill="#FFFFFF" transform="translate(0.0, 2.0)"><g transform="scale(1.0, -1.0)" text-anchor="middle"><text font-size="2.0">default cube</text></g></g></g></g></svg>
7<svg viewBox="-8.0 -4.5 16.0 9.0" xmlns="http://www.w3.org/2000/svg" xmlns:xlink="http://www.w3.org/1999/xlink" version="1.1" preserveAspectRatio="none"><g stroke-width="0.05" transform="scale(1.0, -1.0)"><g><g fill="#000000" transform="translate(-8.0, -4.5)"><rect width="16.0" height="9.0" /></g><g transform="scale(1.0, -1.0)" text-anchor="middle"><text font-size="2.0">import bpyif __name__ == &quot;__main__&quot;:    # Args    resolution_percentage = 40    # Setting    default_scene = bpy.context.scene    default_scene.render.resolution_percentage = resolution_percentage    default_scene.render.film_transparent = True    default_cube = bpy.data.objects[&quot;Cube&quot;]    default_cube.rotation_euler = (0,0,0.4487989505128276)    # Rendering    bpy.ops.render.render(animation=False, write_still=True)</text></g><g fill="#FFFFFF" transform="translate(0.0, 2.0)"><g transform="scale(1.0, -1.0)" text-anchor="middle"><text font-size="2.0">default cube</text></g></g></g></g></svg>
8<svg viewBox="-8.0 -4.5 16.0 9.0" xmlns="http://www.w3.org/2000/svg" xmlns:xlink="http://www.w3.org/1999/xlink" version="1.1" preserveAspectRatio="none"><g stroke-width="0.05" transform="scale(1.0, -1.0)"><g><g fill="#000000" transform="translate(-8.0, -4.5)"><rect width="16.0" height="9.0" /></g><g transform="scale(1.0, -1.0)" text-anchor="middle"><text font-size="2.0">import bpyif __name__ == &quot;__main__&quot;:    # Args    resolution_percentage = 40    # Setting    default_scene = bpy.context.scene    default_scene.render.resolution_percentage = resolution_percentage    default_scene.render.film_transparent = True    default_cube = bpy.data.objects[&quot;Cube&quot;]    default_cube.rotation_euler = (0,0,0.5129130863003745)    # Rendering    bpy.ops.render.render(animation=False, write_still=True)</text></g><g fill="#FFFFFF" transform="translate(0.0, 2.0)"><g transform="scale(1.0, -1.0)" text-anchor="middle"><text font-size="2.0">default cube</text></g></g></g></g></svg>
9<svg viewBox="-8.0 -4.5 16.0 9.0" xmlns="http://www.w3.org/2000/svg" xmlns:xlink="http://www.w3.org/1999/xlink" version="1.1" preserveAspectRatio="none"><g stroke-width="0.05" transform="scale(1.0, -1.0)"><g><g fill="#000000" transform="translate(-8.0, -4.5)"><rect width="16.0" height="9.0" /></g><g transform="scale(1.0, -1.0)" text-anchor="middle"><text font-size="2.0">import bpyif __name__ == &quot;__main__&quot;:    # Args    resolution_percentage = 40    # Setting    default_scene = bpy.context.scene    default_scene.render.resolution_percentage = resolution_percentage    default_scene.render.film_transparent = True    default_cube = bpy.data.objects[&quot;Cube&quot;]    default_cube.rotation_euler = (0,0,0.5770272220879212)    # Rendering    bpy.ops.render.render(animation=False, write_still=True)</text></g><g fill="#FFFFFF" transform="translate(0.0, 2.0)"><g transform="scale(1.0, -1.0)" text-anchor="middle"><text font-size="2.0">default cube</text></g></g></g></g></svg>
10<svg viewBox="-8.0 -4.5 16.0 9.0" xmlns="http://www.w3.org/2000/svg" xmlns:xlink="http://www.w3.org/1999/xlink" version="1.1" preserveAspectRatio="none"><g stroke-width="0.05" transform="scale(1.0, -1.0)"><g><g fill="#000000" transform="translate(-8.0, -4.5)"><rect width="16.0" height="9.0" /></g><g transform="scale(1.0, -1.0)" text-anchor="middle"><text font-size="2.0">import bpyif __name__ == &quot;__main__&quot;:    # Args    resolution_percentage = 40    # Setting    default_scene = bpy.context.scene    default_scene.render.resolution_percentage = resolution_percentage    default_scene.render.film_transparent = True    default_cube = bpy.data.objects[&quot;Cube&quot;]    default_cube.rotation_euler = (0,0,0.641141357875468)    # Rendering    bpy.ops.render.render(animation=False, write_still=True)</text></g><g fill="#FFFFFF" transform="translate(0.0, 2.0)"><g transform="scale(1.0, -1.0)" text-anchor="middle"><text font-size="2.0">default cube</text></g></g></g></g></svg>
11<svg viewBox="-8.0 -4.5 16.0 9.0" xmlns="http://www.w3.org/2000/svg" xmlns:xlink="http://www.w3.org/1999/xlink" version="1.1" preserveAspectRatio="none"><g stroke-width="0.05" transform="scale(1.0, -1.0)"><g><g fill="#000000" transform="translate(-8.0, -4.5)"><rect width="16.0" height="9.0" /></g><g transform="scale(1.0, -1.0)" text-anchor="middle"><text font-size="2.0">import bpyif __name__ == &quot;__main__&quot;:    # Args    resolution_percentage = 40    # Setting    default_scene = bpy.context.scene    default_scene.render.resolution_percentage = resolution_percentage    default_scene.render.film_transparent = True    default_cube = bpy.data.objects[&quot;Cube&quot;]    default_cube.rotation_euler = (0,0,0.7052554936630149)    # Rendering    bpy.ops.render.render(animation=False, write_still=True)</text></g><g fill="#FFFFFF" transform="translate(0.0, 2.0)"><g transform="scale(1.0, -1.0)" text-anchor="middle"><text font-size="2.0">default cube</text></g></g></g></g></svg>
12<svg viewBox="-8.0 -4.5 16.0 9.0" xmlns="http://www.w3.org/2000/svg" xmlns:xlink="http://www.w3.org/1999/xlink" version="1.1" preserveAspectRatio="none"><g stroke-width="0.05" transform="scale(1.0, -1.0)"><g><g fill="#000000" transform="translate(-8.0, -4.5)"><rect width="16.0" height="9.0" /></g><g transform="scale(1.0, -1.0)" text-anchor="middle"><text font-size="2.0">import bpyif __name__ == &quot;__main__&quot;:    # Args    resolution_percentage = 40    # Setting    default_scene = bpy.context.scene    default_scene.render.resolution_percentage = resolution_percentage    default_scene.render.film_transparent = True    default_cube = bpy.data.objects[&quot;Cube&quot;]    default_cube.rotation_euler = (0,0,0.7693696294505615)    # Rendering    bpy.ops.render.render(animation=False, write_still=True)</text></g><g fill="#FFFFFF" transform="translate(0.0, 2.0)"><g transform="scale(1.0, -1.0)" text-anchor="middle"><text font-size="2.0">default cube</text></g></g></g></g></svg>
13<svg viewBox="-8.0 -4.5 16.0 9.0" xmlns="http://www.w3.org/2000/svg" xmlns:xlink="http://www.w3.org/1999/xlink" version="1.1" preserveAspectRatio="none"><g stroke-width="0.05" transform="scale(1.0, -1.0)"><g><g fill="#000000" transform="translate(-8.0, -4.5)"><rect width="16.0" height="9.0" /></g><g transform="scale(1.0, -1.0)" text-anchor="middle"><text font-size="2.0">import bpyif __name__ == &quot;__main__&quot;:    # Args    resolution_percentage = 40    # Setting    default_scene = bpy.context.scene    default_scene.render.resolution_percentage = resolution_percentage    default_scene.render.film_transparent = True    default_cube = bpy.data.objects[&quot;Cube&quot;]    default_cube.rotation_euler = (0,0,0.8334837652381083)    # Rendering    bpy.ops.render.render(animation=False, write_still=True)</text></g><g fill="#FFFFFF" transform="translate(0.0, 2.0)"><g transform="scale(1.0, -1.0)" text-anchor="middle"><text font-size="2.0">default cube</text></g></g></g></g></svg>
14<svg viewBox="-8.0 -4.5 16.0 9.0" xmlns="http://www.w3.org/2000/svg" xmlns:xlink="http://www.w3.org/1999/xlink" version="1.1" preserveAspectRatio="none"><g stroke-width="0.05" transform="scale(1.0, -1.0)"><g><g fill="#000000" transform="translate(-8.0, -4.5)"><rect width="16.0" height="9.0" /></g><g transform="scale(1.0, -1.0)" text-anchor="middle"><text font-size="2.0">import bpyif __name__ == &quot;__main__&quot;:    # Args    resolution_percentage = 40    # Setting    default_scene = bpy.context.scene    default_scene.render.resolution_percentage = resolution_percentage    default_scene.render.film_transparent = True    default_cube = bpy.data.objects[&quot;Cube&quot;]    default_cube.rotation_euler = (0,0,0.8975979010256552)    # Rendering    bpy.ops.render.render(animation=False, write_still=True)</text></g><g fill="#FFFFFF" transform="translate(0.0, 2.0)"><g transform="scale(1.0, -1.0)" text-anchor="middle"><text font-size="2.0">default cube</text></g></g></g></g></svg>
15<svg viewBox="-8.0 -4.5 16.0 9.0" xmlns="http://www.w3.org/2000/svg" xmlns:xlink="http://www.w3.org/1999/xlink" version="1.1" preserveAspectRatio="none"><g stroke-width="0.05" transform="scale(1.0, -1.0)"><g><g fill="#000000" transform="translate(-8.0, -4.5)"><rect width="16.0" height="9.0" /></g><g transform="scale(1.0, -1.0)" text-anchor="middle"><text font-size="2.0">import bpyif __name__ == &quot;__main__&quot;:    # Args    resolution_percentage = 40    # Setting    default_scene = bpy.context.scene    default_scene.render.resolution_percentage = resolution_percentage    default_scene.render.film_transparent = True    default_cube = bpy.data.objects[&quot;Cube&quot;]    default_cube.rotation_euler = (0,0,0.9617120368132019)    # Rendering    bpy.ops.render.render(animation=False, write_still=True)</text></g><g fill="#FFFFFF" transform="translate(0.0, 2.0)"><g transform="scale(1.0, -1.0)" text-anchor="middle"><text font-size="2.0">default cube</text></g></g></g></g></svg>
16<svg viewBox="-8.0 -4.5 16.0 9.0" xmlns="http://www.w3.org/2000/svg" xmlns:xlink="http://www.w3.org/1999/xlink" version="1.1" preserveAspectRatio="none"><g stroke-width="0.05" transform="scale(1.0, -1.0)"><g><g fill="#000000" transform="translate(-8.0, -4.5)"><rect width="16.0" height="9.0" /></g><g transform="scale(1.0, -1.0)" text-anchor="middle"><text font-size="2.0">import bpyif __name__ == &quot;__main__&quot;:    # Args    resolution_percentage = 40    # Setting    default_scene = bpy.context.scene    default_scene.render.resolution_percentage = resolution_percentage    default_scene.render.film_transparent = True    default_cube = bpy.data.objects[&quot;Cube&quot;]    default_cube.rotation_euler = (0,0,1.025826172600749)    # Rendering    bpy.ops.render.render(animation=False, write_still=True)</text></g><g fill="#FFFFFF" transform="translate(0.0, 2.0)"><g transform="scale(1.0, -1.0)" text-anchor="middle"><text font-size="2.0">default cube</text></g></g></g></g></svg>
17<svg viewBox="-8.0 -4.5 16.0 9.0" xmlns="http://www.w3.org/2000/svg" xmlns:xlink="http://www.w3.org/1999/xlink" version="1.1" preserveAspectRatio="none"><g stroke-width="0.05" transform="scale(1.0, -1.0)"><g><g fill="#000000" transform="translate(-8.0, -4.5)"><rect width="16.0" height="9.0" /></g><g transform="scale(1.0, -1.0)" text-anchor="middle"><text font-size="2.0">import bpyif __name__ == &quot;__main__&quot;:    # Args    resolution_percentage = 40    # Setting    default_scene = bpy.context.scene    default_scene.render.resolution_percentage = resolution_percentage    default_scene.render.film_transparent = True    default_cube = bpy.data.objects[&quot;Cube&quot;]    default_cube.rotation_euler = (0,0,1.0899403083882955)    # Rendering    bpy.ops.render.render(animation=False, write_still=True)</text></g><g fill="#FFFFFF" transform="translate(0.0, 2.0)"><g transform="scale(1.0, -1.0)" text-anchor="middle"><text font-size="2.0">default cube</text></g></g></g></g></svg>
18<svg viewBox="-8.0 -4.5 16.0 9.0" xmlns="http://www.w3.org/2000/svg" xmlns:xlink="http://www.w3.org/1999/xlink" version="1.1" preserveAspectRatio="none"><g stroke-width="0.05" transform="scale(1.0, -1.0)"><g><g fill="#000000" transform="translate(-8.0, -4.5)"><rect width="16.0" height="9.0" /></g><g transform="scale(1.0, -1.0)" text-anchor="middle"><text font-size="2.0">import bpyif __name__ == &quot;__main__&quot;:    # Args    resolution_percentage = 40    # Setting    default_scene = bpy.context.scene    default_scene.render.resolution_percentage = resolution_percentage    default_scene.render.film_transparent = True    default_cube = bpy.data.objects[&quot;Cube&quot;]    default_cube.rotation_euler = (0,0,1.1540544441758425)    # Rendering    bpy.ops.render.render(animation=False, write_still=True)</text></g><g fill="#FFFFFF" transform="translate(0.0, 2.0)"><g transform="scale(1.0, -1.0)" text-anchor="middle"><text font-size="2.0">default cube</text></g></g></g></g></svg>
19<svg viewBox="-8.0 -4.5 16.0 9.0" xmlns="http://www.w3.org/2000/svg" xmlns:xlink="http://www.w3.org/1999/xlink" version="1.1" preserveAspectRatio="none"><g stroke-width="0.05" transform="scale(1.0, -1.0)"><g><g fill="#000000" transform="translate(-8.0, -4.5)"><rect width="16.0" height="9.0" /></g><g transform="scale(1.0, -1.0)" text-anchor="middle"><text font-size="2.0">import bpyif __name__ == &quot;__main__&quot;:    # Args    resolution_percentage = 40    # Setting    default_scene = bpy.context.scene    default_scene.render.resolution_percentage = resolution_percentage    default_scene.render.film_transparent = True    default_cube = bpy.data.objects[&quot;Cube&quot;]    default_cube.rotation_euler = (0,0,1.2181685799633892)    # Rendering    bpy.ops.render.render(animation=False, write_still=True)</text></g><g fill="#FFFFFF" transform="translate(0.0, 2.0)"><g transform="scale(1.0, -1.0)" text-anchor="middle"><text font-size="2.0">default cube</text></g></g></g></g></svg>
20<svg viewBox="-8.0 -4.5 16.0 9.0" xmlns="http://www.w3.org/2000/svg" xmlns:xlink="http://www.w3.org/1999/xlink" version="1.1" preserveAspectRatio="none"><g stroke-width="0.05" transform="scale(1.0, -1.0)"><g><g fill="#000000" transform="translate(-8.0, -4.5)"><rect width="16.0" height="9.0" /></g><g transform="scale(1.0, -1.0)" text-anchor="middle"><text font-size="2.0">import bpyif __name__ == &quot;__main__&quot;:    # Args    resolution_percentage = 40    # Setting    default_scene = bpy.context.scene    default_scene.render.resolution_percentage = resolution_percentage    default_scene.render.film_transparent = True    default_cube = bpy.data.objects[&quot;Cube&quot;]    default_cube.rotation_euler = (0,0,1.282282715750936)    # Rendering    bpy.ops.render.render(animation=False, write_still=True)</text></g><g fill="#FFFFFF" transform="translate(0.0, 2.0)"><g transform="scale(1.0, -1.0)" text-anchor="middle"><text font-size="2.0">default cube</text></g></g></g></g></svg>
21<svg viewBox="-8.0 -4.5 16.0 9.0" xmlns="http://www.w3.org/2000/svg" xmlns:xlink="http://www.w3.org/1999/xlink" version="1.1" preserveAspectRatio="none"><g stroke-width="0.05" transform="scale(1.0, -1.0)"><g><g fill="#000000" transform="translate(-8.0, -4.5)"><rect width="16.0" height="9.0" /></g><g transform="scale(1.0, -1.0)" text-anchor="middle"><text font-size="2.0">import bpyif __name__ == &quot;__main__&quot;:    # Args    resolution_percentage = 40    # Setting    default_scene = bpy.context.scene    default_scene.render.resolution_percentage = resolution_percentage    default_scene.render.film_transparent = True    default_cube = bpy.data.objects[&quot;Cube&quot;]    default_cube.rotation_euler = (0,0,1.3463968515384828)    # Rendering    bpy.ops.render.render(animation=False, write_still=True)</text></g><g fill="#FFFFFF" transform="translate(0.0, 2.0)"><g transform="scale(1.0, -1.0)" text-anchor="middle"><text font-size="2.0">default cube</text></g></g></g></g></svg>
22<svg viewBox="-8.0 -4.5 16.0 9.0" xmlns="http://www.w3.org/2000/svg" xmlns:xlink="http://www.w3.org/1999/xlink" version="1.1" preserveAspectRatio="none"><g stroke-width="0.05" transform="scale(1.0, -1.0)"><g><g fill="#000000" transform="translate(-8.0, -4.5)"><rect width="16.0" height="9.0" /></g><g transform="scale(1.0, -1.0)" text-anchor="middle"><text font-size="2.0">import bpyif __name__ == &quot;__main__&quot;:    # Args    resolution_percentage = 40    # Setting    default_scene = bpy.context.scene    default_scene.render.resolution_percentage = resolution_percentage    default_scene.render.film_transparent = True    default_cube = bpy.data.objects[&quot;Cube&quot;]    default_cube.rotation_euler = (0,0,1.4105109873260298)    # Rendering    bpy.ops.render.render(animation=False, write_still=True)</text></g><g fill="#FFFFFF" transform="translate(0.0, 2.0)"><g transform="scale(1.0, -1.0)" text-anchor="middle"><text font-size="2.0">default cube</text></g></g></g></g></svg>
23<svg viewBox="-8.0 -4.5 16.0 9.0" xmlns="http://www.w3.org/2000/svg" xmlns:xlink="http://www.w3.org/1999/xlink" version="1.1" preserveAspectRatio="none"><g stroke-width="0.05" transform="scale(1.0, -1.0)"><g><g fill="#000000" transform="translate(-8.0, -4.5)"><rect width="16.0" height="9.0" /></g><g transform="scale(1.0, -1.0)" text-anchor="middle"><text font-size="2.0">import bpyif __name__ == &quot;__main__&quot;:    # Args    resolution_percentage = 40    # Setting    default_scene = bpy.context.scene    default_scene.render.resolution_percentage = resolution_percentage    default_scene.render.film_transparent = True    default_cube = bpy.data.objects[&quot;Cube&quot;]    default_cube.rotation_euler = (0,0,1.4746251231135765)    # Rendering    bpy.ops.render.render(animation=False, write_still=True)</text></g><g fill="#FFFFFF" transform="translate(0.0, 2.0)"><g transform="scale(1.0, -1.0)" text-anchor="middle"><text font-size="2.0">default cube</text></g></g></g></g></svg>
24<svg viewBox="-8.0 -4.5 16.0 9.0" xmlns="http://www.w3.org/2000/svg" xmlns:xlink="http://www.w3.org/1999/xlink" version="1.1" preserveAspectRatio="none"><g stroke-width="0.05" transform="scale(1.0, -1.0)"><g><g fill="#000000" transform="translate(-8.0, -4.5)"><rect width="16.0" height="9.0" /></g><g transform="scale(1.0, -1.0)" text-anchor="middle"><text font-size="2.0">import bpyif __name__ == &quot;__main__&quot;:    # Args    resolution_percentage = 40    # Setting    default_scene = bpy.context.scene    default_scene.render.resolution_percentage = resolution_percentage    default_scene.render.film_transparent = True    default_cube = bpy.data.objects[&quot;Cube&quot;]    default_cube.rotation_euler = (0,0,1.538739258901123)    # Rendering    bpy.ops.render.render(animation=False, write_still=True)</text></g><g fill="#FFFFFF" transform="translate(0.0, 2.0)"><g transform="scale(1.0, -1.0)" text-anchor="middle"><text font-size="2.0">default cube</text></g></g></g></g></svg>
25<svg viewBox="-8.0 -4.5 16.0 9.0" xmlns="http://www.w3.org/2000/svg" xmlns:xlink="http://www.w3.org/1999/xlink" version="1.1" preserveAspectRatio="none"><g stroke-width="0.05" transform="scale(1.0, -1.0)"><g><g fill="#000000" transform="translate(-8.0, -4.5)"><rect width="16.0" height="9.0" /></g><g transform="scale(1.0, -1.0)" text-anchor="middle"><text font-size="2.0">import bpyif __name__ == &quot;__main__&quot;:    # Args    resolution_percentage = 40    # Setting    default_scene = bpy.context.scene    default_scene.render.resolution_percentage = resolution_percentage    default_scene.render.film_transparent = True    default_cube = bpy.data.objects[&quot;Cube&quot;]    default_cube.rotation_euler = (0,0,1.60285339468867)    # Rendering    bpy.ops.render.render(animation=False, write_still=True)</text></g><g fill="#FFFFFF" transform="translate(0.0, 2.0)"><g transform="scale(1.0, -1.0)" text-anchor="middle"><text font-size="2.0">default cube</text></g></g></g></g></svg>
26<svg viewBox="-8.0 -4.5 16.0 9.0" xmlns="http://www.w3.org/2000/svg" xmlns:xlink="http://www.w3.org/1999/xlink" version="1.1" preserveAspectRatio="none"><g stroke-width="0.05" transform="scale(1.0, -1.0)"><g><g fill="#000000" transform="translate(-8.0, -4.5)"><rect width="16.0" height="9.0" /></g><g transform="scale(1.0, -1.0)" text-anchor="middle"><text font-size="2.0">import bpyif __name__ == &quot;__main__&quot;:    # Args    resolution_percentage = 40    # Setting    default_scene = bpy.context.scene    default_scene.render.resolution_percentage = resolution_percentage    default_scene.render.film_transparent = True    default_cube = bpy.data.objects[&quot;Cube&quot;]    default_cube.rotation_euler = (0,0,1.6669675304762166)    # Rendering    bpy.ops.render.render(animation=False, write_still=True)</text></g><g fill="#FFFFFF" transform="translate(0.0, 2.0)"><g transform="scale(1.0, -1.0)" text-anchor="middle"><text font-size="2.0">default cube</text></g></g></g></g></svg>
27<svg viewBox="-8.0 -4.5 16.0 9.0" xmlns="http://www.w3.org/2000/svg" xmlns:xlink="http://www.w3.org/1999/xlink" version="1.1" preserveAspectRatio="none"><g stroke-width="0.05" transform="scale(1.0, -1.0)"><g><g fill="#000000" transform="translate(-8.0, -4.5)"><rect width="16.0" height="9.0" /></g><g transform="scale(1.0, -1.0)" text-anchor="middle"><text font-size="2.0">import bpyif __name__ == &quot;__main__&quot;:    # Args    resolution_percentage = 40    # Setting    default_scene = bpy.context.scene    default_scene.render.resolution_percentage = resolution_percentage    default_scene.render.film_transparent = True    default_cube = bpy.data.objects[&quot;Cube&quot;]    default_cube.rotation_euler = (0,0,1.7310816662637638)    # Rendering    bpy.ops.render.render(animation=False, write_still=True)</text></g><g fill="#FFFFFF" transform="translate(0.0, 2.0)"><g transform="scale(1.0, -1.0)" text-anchor="middle"><text font-size="2.0">default cube</text></g></g></g></g></svg>
28<svg viewBox="-8.0 -4.5 16.0 9.0" xmlns="http://www.w3.org/2000/svg" xmlns:xlink="http://www.w3.org/1999/xlink" version="1.1" preserveAspectRatio="none"><g stroke-width="0.05" transform="scale(1.0, -1.0)"><g><g fill="#000000" transform="translate(-8.0, -4.5)"><rect width="16.0" height="9.0" /></g><g transform="scale(1.0, -1.0)" text-anchor="middle"><text font-size="2.0">import bpyif __name__ == &quot;__main__&quot;:    # Args    resolution_percentage = 40    # Setting    default_scene = bpy.context.scene    default_scene.render.resolution_percentage = resolution_percentage    default_scene.render.film_transparent = True    default_cube = bpy.data.objects[&quot;Cube&quot;]    default_cube.rotation_euler = (0,0,1.7951958020513104)    # Rendering    bpy.ops.render.render(animation=False, write_still=True)</text></g><g fill="#FFFFFF" transform="translate(0.0, 2.0)"><g transform="scale(1.0, -1.0)" text-anchor="middle"><text font-size="2.0">default cube</text></g></g></g></g></svg>
29<svg viewBox="-8.0 -4.5 16.0 9.0" xmlns="http://www.w3.org/2000/svg" xmlns:xlink="http://www.w3.org/1999/xlink" version="1.1" preserveAspectRatio="none"><g stroke-width="0.05" transform="scale(1.0, -1.0)"><g><g fill="#000000" transform="translate(-8.0, -4.5)"><rect width="16.0" height="9.0" /></g><g transform="scale(1.0, -1.0)" text-anchor="middle"><text font-size="2.0">import bpyif __name__ == &quot;__main__&quot;:    # Args    resolution_percentage = 40    # Setting    default_scene = bpy.context.scene    default_scene.render.resolution_percentage = resolution_percentage    default_scene.render.film_transparent = True    default_cube = bpy.data.objects[&quot;Cube&quot;]    default_cube.rotation_euler = (0,0,1.8593099378388571)    # Rendering    bpy.ops.render.render(animation=False, write_still=True)</text></g><g fill="#FFFFFF" transform="translate(0.0, 2.0)"><g transform="scale(1.0, -1.0)" text-anchor="middle"><text font-size="2.0">default cube</text></g></g></g></g></svg>
30<svg viewBox="-8.0 -4.5 16.0 9.0" xmlns="http://www.w3.org/2000/svg" xmlns:xlink="http://www.w3.org/1999/xlink" version="1.1" preserveAspectRatio="none"><g stroke-width="0.05" transform="scale(1.0, -1.0)"><g><g fill="#000000" transform="translate(-8.0, -4.5)"><rect width="16.0" height="9.0" /></g><g transform="scale(1.0, -1.0)" text-anchor="middle"><text font-size="2.0">import bpyif __name__ == &quot;__main__&quot;:    # Args    resolution_percentage = 40    # Setting    default_scene = bpy.context.scene    default_scene.render.resolution_percentage = resolution_percentage    default_scene.render.film_transparent = True    default_cube = bpy.data.objects[&quot;Cube&quot;]    default_cube.rotation_euler = (0,0,1.9234240736264039)    # Rendering    bpy.ops.render.render(animation=False, write_still=True)</text></g><g fill="#FFFFFF" transform="translate(0.0, 2.0)"><g transform="scale(1.0, -1.0)" text-anchor="middle"><text font-size="2.0">default cube</text></g></g></g></g></svg>
31<svg viewBox="-8.0 -4.5 16.0 9.0" xmlns="http://www.w3.org/2000/svg" xmlns:xlink="http://www.w3.org/1999/xlink" version="1.1" preserveAspectRatio="none"><g stroke-width="0.05" transform="scale(1.0, -1.0)"><g><g fill="#000000" transform="translate(-8.0, -4.5)"><rect width="16.0" height="9.0" /></g><g transform="scale(1.0, -1.0)" text-anchor="middle"><text font-size="2.0">import bpyif __name__ == &quot;__main__&quot;:    # Args    resolution_percentage = 40    # Setting    default_scene = bpy.context.scene    default_scene.render.resolution_percentage = resolution_percentage    default_scene.render.film_transparent = True    default_cube = bpy.data.objects[&quot;Cube&quot;]    default_cube.rotation_euler = (0,0,1.9875382094139509)    # Rendering    bpy.ops.render.render(animation=False, write_still=True)</text></g><g fill="#FFFFFF" transform="translate(0.0, 2.0)"><g transform="scale(1.0, -1.0)" text-anchor="middle"><text font-size="2.0">default cube</text></g></g></g></g></svg>
32<svg viewBox="-8.0 -4.5 16.0 9.0" xmlns="http://www.w3.org/2000/svg" xmlns:xlink="http://www.w3.org/1999/xlink" version="1.1" preserveAspectRatio="none"><g stroke-width="0.05" transform="scale(1.0, -1.0)"><g><g fill="#000000" transform="translate(-8.0, -4.5)"><rect width="16.0" height="9.0" /></g><g transform="scale(1.0, -1.0)" text-anchor="middle"><text font-size="2.0">import bpyif __name__ == &quot;__main__&quot;:    # Args    resolution_percentage = 40    # Setting    default_scene = bpy.context.scene    default_scene.render.resolution_percentage = resolution_percentage    default_scene.render.film_transparent = True    default_cube = bpy.data.objects[&quot;Cube&quot;]    default_cube.rotation_euler = (0,0,2.051652345201498)    # Rendering    bpy.ops.render.render(animation=False, write_still=True)</text></g><g fill="#FFFFFF" transform="translate(0.0, 2.0)"><g transform="scale(1.0, -1.0)" text-anchor="middle"><text font-size="2.0">default cube</text></g></g></g></g></svg>
33<svg viewBox="-8.0 -4.5 16.0 9.0" xmlns="http://www.w3.org/2000/svg" xmlns:xlink="http://www.w3.org/1999/xlink" version="1.1" preserveAspectRatio="none"><g stroke-width="0.05" transform="scale(1.0, -1.0)"><g><g fill="#000000" transform="translate(-8.0, -4.5)"><rect width="16.0" height="9.0" /></g><g transform="scale(1.0, -1.0)" text-anchor="middle"><text font-size="2.0">import bpyif __name__ == &quot;__main__&quot;:    # Args    resolution_percentage = 40    # Setting    default_scene = bpy.context.scene    default_scene.render.resolution_percentage = resolution_percentage    default_scene.render.film_transparent = True    default_cube = bpy.data.objects[&quot;Cube&quot;]    default_cube.rotation_euler = (0,0,2.1157664809890444)    # Rendering    bpy.ops.render.render(animation=False, write_still=True)</text></g><g fill="#FFFFFF" transform="translate(0.0, 2.0)"><g transform="scale(1.0, -1.0)" text-anchor="middle"><text font-size="2.0">default cube</text></g></g></g></g></svg>
34<svg viewBox="-8.0 -4.5 16.0 9.0" xmlns="http://www.w3.org/2000/svg" xmlns:xlink="http://www.w3.org/1999/xlink" version="1.1" preserveAspectRatio="none"><g stroke-width="0.05" transform="scale(1.0, -1.0)"><g><g fill="#000000" transform="translate(-8.0, -4.5)"><rect width="16.0" height="9.0" /></g><g transform="scale(1.0, -1.0)" text-anchor="middle"><text font-size="2.0">import bpyif __name__ == &quot;__main__&quot;:    # Args    resolution_percentage = 40    # Setting    default_scene = bpy.context.scene    default_scene.render.resolution_percentage = resolution_percentage    default_scene.render.film_transparent = True    default_cube = bpy.data.objects[&quot;Cube&quot;]    default_cube.rotation_euler = (0,0,2.179880616776591)    # Rendering    bpy.ops.render.render(animation=False, write_still=True)</text></g><g fill="#FFFFFF" transform="translate(0.0, 2.0)"><g transform="scale(1.0, -1.0)" text-anchor="middle"><text font-size="2.0">default cube</text></g></g></g></g></svg>
35<svg viewBox="-8.0 -4.5 16.0 9.0" xmlns="http://www.w3.org/2000/svg" xmlns:xlink="http://www.w3.org/1999/xlink" version="1.1" preserveAspectRatio="none"><g stroke-width="0.05" transform="scale(1.0, -1.0)"><g><g fill="#000000" transform="translate(-8.0, -4.5)"><rect width="16.0" height="9.0" /></g><g transform="scale(1.0, -1.0)" text-anchor="middle"><text font-size="2.0">import bpyif __name__ == &quot;__main__&quot;:    # Args    resolution_percentage = 40    # Setting    default_scene = bpy.context.scene    default_scene.render.resolution_percentage = resolution_percentage    default_scene.render.film_transparent = True    default_cube = bpy.data.objects[&quot;Cube&quot;]    default_cube.rotation_euler = (0,0,2.243994752564138)    # Rendering    bpy.ops.render.render(animation=False, write_still=True)</text></g><g fill="#FFFFFF" transform="translate(0.0, 2.0)"><g transform="scale(1.0, -1.0)" text-anchor="middle"><text font-size="2.0">default cube</text></g></g></g></g></svg>
36<svg viewBox="-8.0 -4.5 16.0 9.0" xmlns="http://www.w3.org/2000/svg" xmlns:xlink="http://www.w3.org/1999/xlink" version="1.1" preserveAspectRatio="none"><g stroke-width="0.05" transform="scale(1.0, -1.0)"><g><g fill="#000000" transform="translate(-8.0, -4.5)"><rect width="16.0" height="9.0" /></g><g transform="scale(1.0, -1.0)" text-anchor="middle"><text font-size="2.0">import bpyif __name__ == &quot;__main__&quot;:    # Args    resolution_percentage = 40    # Setting    default_scene = bpy.context.scene    default_scene.render.resolution_percentage = resolution_percentage    default_scene.render.film_transparent = True    default_cube = bpy.data.objects[&quot;Cube&quot;]    default_cube.rotation_euler = (0,0,2.308108888351685)    # Rendering    bpy.ops.render.render(animation=False, write_still=True)</text></g><g fill="#FFFFFF" transform="translate(0.0, 2.0)"><g transform="scale(1.0, -1.0)" text-anchor="middle"><text font-size="2.0">default cube</text></g></g></g></g></svg>
37<svg viewBox="-8.0 -4.5 16.0 9.0" xmlns="http://www.w3.org/2000/svg" xmlns:xlink="http://www.w3.org/1999/xlink" version="1.1" preserveAspectRatio="none"><g stroke-width="0.05" transform="scale(1.0, -1.0)"><g><g fill="#000000" transform="translate(-8.0, -4.5)"><rect width="16.0" height="9.0" /></g><g transform="scale(1.0, -1.0)" text-anchor="middle"><text font-size="2.0">import bpyif __name__ == &quot;__main__&quot;:    # Args    resolution_percentage = 40    # Setting    default_scene = bpy.context.scene    default_scene.render.resolution_percentage = resolution_percentage    default_scene.render.film_transparent = True    default_cube = bpy.data.objects[&quot;Cube&quot;]    default_cube.rotation_euler = (0,0,2.3722230241392315)    # Rendering    bpy.ops.render.render(animation=False, write_still=True)</text></g><g fill="#FFFFFF" transform="translate(0.0, 2.0)"><g transform="scale(1.0, -1.0)" text-anchor="middle"><text font-size="2.0">default cube</text></g></g></g></g></svg>
38<svg viewBox="-8.0 -4.5 16.0 9.0" xmlns="http://www.w3.org/2000/svg" xmlns:xlink="http://www.w3.org/1999/xlink" version="1.1" preserveAspectRatio="none"><g stroke-width="0.05" transform="scale(1.0, -1.0)"><g><g fill="#000000" transform="translate(-8.0, -4.5)"><rect width="16.0" height="9.0" /></g><g transform="scale(1.0, -1.0)" text-anchor="middle"><text font-size="2.0">import bpyif __name__ == &quot;__main__&quot;:    # Args    resolution_percentage = 40    # Setting    default_scene = bpy.context.scene    default_scene.render.resolution_percentage = resolution_percentage    default_scene.render.film_transparent = True    default_cube = bpy.data.objects[&quot;Cube&quot;]    default_cube.rotation_euler = (0,0,2.4363371599267785)    # Rendering    bpy.ops.render.render(animation=False, write_still=True)</text></g><g fill="#FFFFFF" transform="translate(0.0, 2.0)"><g transform="scale(1.0, -1.0)" text-anchor="middle"><text font-size="2.0">default cube</text></g></g></g></g></svg>
39<svg viewBox="-8.0 -4.5 16.0 9.0" xmlns="http://www.w3.org/2000/svg" xmlns:xlink="http://www.w3.org/1999/xlink" version="1.1" preserveAspectRatio="none"><g stroke-width="0.05" transform="scale(1.0, -1.0)"><g><g fill="#000000" transform="translate(-8.0, -4.5)"><rect width="16.0" height="9.0" /></g><g transform="scale(1.0, -1.0)" text-anchor="middle"><text font-size="2.0">import bpyif __name__ == &quot;__main__&quot;:    # Args    resolution_percentage = 40    # Setting    default_scene = bpy.context.scene    default_scene.render.resolution_percentage = resolution_percentage    default_scene.render.film_transparent = True    default_cube = bpy.data.objects[&quot;Cube&quot;]    default_cube.rotation_euler = (0,0,2.500451295714325)    # Rendering    bpy.ops.render.render(animation=False, write_still=True)</text></g><g fill="#FFFFFF" transform="translate(0.0, 2.0)"><g transform="scale(1.0, -1.0)" text-anchor="middle"><text font-size="2.0">default cube</text></g></g></g></g></svg>
40<svg viewBox="-8.0 -4.5 16.0 9.0" xmlns="http://www.w3.org/2000/svg" xmlns:xlink="http://www.w3.org/1999/xlink" version="1.1" preserveAspectRatio="none"><g stroke-width="0.05" transform="scale(1.0, -1.0)"><g><g fill="#000000" transform="translate(-8.0, -4.5)"><rect width="16.0" height="9.0" /></g><g transform="scale(1.0, -1.0)" text-anchor="middle"><text font-size="2.0">import bpyif __name__ == &quot;__main__&quot;:    # Args    resolution_percentage = 40    # Setting    default_scene = bpy.context.scene    default_scene.render.resolution_percentage = resolution_percentage    default_scene.render.film_transparent = True    default_cube = bpy.data.objects[&quot;Cube&quot;]    default_cube.rotation_euler = (0,0,2.564565431501872)    # Rendering    bpy.ops.render.render(animation=False, write_still=True)</text></g><g fill="#FFFFFF" transform="translate(0.0, 2.0)"><g transform="scale(1.0, -1.0)" text-anchor="middle"><text font-size="2.0">default cube</text></g></g></g></g></svg>
41<svg viewBox="-8.0 -4.5 16.0 9.0" xmlns="http://www.w3.org/2000/svg" xmlns:xlink="http://www.w3.org/1999/xlink" version="1.1" preserveAspectRatio="none"><g stroke-width="0.05" transform="scale(1.0, -1.0)"><g><g fill="#000000" transform="translate(-8.0, -4.5)"><rect width="16.0" height="9.0" /></g><g transform="scale(1.0, -1.0)" text-anchor="middle"><text font-size="2.0">import bpyif __name__ == &quot;__main__&quot;:    # Args    resolution_percentage = 40    # Setting    default_scene = bpy.context.scene    default_scene.render.resolution_percentage = resolution_percentage    default_scene.render.film_transparent = True    default_cube = bpy.data.objects[&quot;Cube&quot;]    default_cube.rotation_euler = (0,0,2.628679567289419)    # Rendering    bpy.ops.render.render(animation=False, write_still=True)</text></g><g fill="#FFFFFF" transform="translate(0.0, 2.0)"><g transform="scale(1.0, -1.0)" text-anchor="middle"><text font-size="2.0">default cube</text></g></g></g></g></svg>
42<svg viewBox="-8.0 -4.5 16.0 9.0" xmlns="http://www.w3.org/2000/svg" xmlns:xlink="http://www.w3.org/1999/xlink" version="1.1" preserveAspectRatio="none"><g stroke-width="0.05" transform="scale(1.0, -1.0)"><g><g fill="#000000" transform="translate(-8.0, -4.5)"><rect width="16.0" height="9.0" /></g><g transform="scale(1.0, -1.0)" text-anchor="middle"><text font-size="2.0">import bpyif __name__ == &quot;__main__&quot;:    # Args    resolution_percentage = 40    # Setting    default_scene = bpy.context.scene    default_scene.render.resolution_percentage = resolution_percentage    default_scene.render.film_transparent = True    default_cube = bpy.data.objects[&quot;Cube&quot;]    default_cube.rotation_euler = (0,0,2.6927937030769655)    # Rendering    bpy.ops.render.render(animation=False, write_still=True)</text></g><g fill="#FFFFFF" transform="translate(0.0, 2.0)"><g transform="scale(1.0, -1.0)" text-anchor="middle"><text font-size="2.0">default cube</text></g></g></g></g></svg>
43<svg viewBox="-8.0 -4.5 16.0 9.0" xmlns="http://www.w3.org/2000/svg" xmlns:xlink="http://www.w3.org/1999/xlink" version="1.1" preserveAspectRatio="none"><g stroke-width="0.05" transform="scale(1.0, -1.0)"><g><g fill="#000000" transform="translate(-8.0, -4.5)"><rect width="16.0" height="9.0" /></g><g transform="scale(1.0, -1.0)" text-anchor="middle"><text font-size="2.0">import bpyif __name__ == &quot;__main__&quot;:    # Args    resolution_percentage = 40    # Setting    default_scene = bpy.context.scene    default_scene.render.resolution_percentage = resolution_percentage    default_scene.render.film_transparent = True    default_cube = bpy.data.objects[&quot;Cube&quot;]    default_cube.rotation_euler = (0,0,2.756907838864512)    # Rendering    bpy.ops.render.render(animation=False, write_still=True)</text></g><g fill="#FFFFFF" transform="translate(0.0, 2.0)"><g transform="scale(1.0, -1.0)" text-anchor="middle"><text font-size="2.0">default cube</text></g></g></g></g></svg>
44<svg viewBox="-8.0 -4.5 16.0 9.0" xmlns="http://www.w3.org/2000/svg" xmlns:xlink="http://www.w3.org/1999/xlink" version="1.1" preserveAspectRatio="none"><g stroke-width="0.05" transform="scale(1.0, -1.0)"><g><g fill="#000000" transform="translate(-8.0, -4.5)"><rect width="16.0" height="9.0" /></g><g transform="scale(1.0, -1.0)" text-anchor="middle"><text font-size="2.0">import bpyif __name__ == &quot;__main__&quot;:    # Args    resolution_percentage = 40    # Setting    default_scene = bpy.context.scene    default_scene.render.resolution_percentage = resolution_percentage    default_scene.render.film_transparent = True    default_cube = bpy.data.objects[&quot;Cube&quot;]    default_cube.rotation_euler = (0,0,2.8210219746520595)    # Rendering    bpy.ops.render.render(animation=False, write_still=True)</text></g><g fill="#FFFFFF" transform="translate(0.0, 2.0)"><g transform="scale(1.0, -1.0)" text-anchor="middle"><text font-size="2.0">default cube</text></g></g></g></g></svg>
45<svg viewBox="-8.0 -4.5 16.0 9.0" xmlns="http://www.w3.org/2000/svg" xmlns:xlink="http://www.w3.org/1999/xlink" version="1.1" preserveAspectRatio="none"><g stroke-width="0.05" transform="scale(1.0, -1.0)"><g><g fill="#000000" transform="translate(-8.0, -4.5)"><rect width="16.0" height="9.0" /></g><g transform="scale(1.0, -1.0)" text-anchor="middle"><text font-size="2.0">import bpyif __name__ == &quot;__main__&quot;:    # Args    resolution_percentage = 40    # Setting    default_scene = bpy.context.scene    default_scene.render.resolution_percentage = resolution_percentage    default_scene.render.film_transparent = True    default_cube = bpy.data.objects[&quot;Cube&quot;]    default_cube.rotation_euler = (0,0,2.8851361104396065)    # Rendering    bpy.ops.render.render(animation=False, write_still=True)</text></g><g fill="#FFFFFF" transform="translate(0.0, 2.0)"><g transform="scale(1.0, -1.0)" text-anchor="middle"><text font-size="2.0">default cube</text></g></g></g></g></svg>
46<svg viewBox="-8.0 -4.5 16.0 9.0" xmlns="http://www.w3.org/2000/svg" xmlns:xlink="http://www.w3.org/1999/xlink" version="1.1" preserveAspectRatio="none"><g stroke-width="0.05" transform="scale(1.0, -1.0)"><g><g fill="#000000" transform="translate(-8.0, -4.5)"><rect width="16.0" height="9.0" /></g><g transform="scale(1.0, -1.0)" text-anchor="middle"><text font-size="2.0">import bpyif __name__ == &quot;__main__&quot;:    # Args    resolution_percentage = 40    # Setting    default_scene = bpy.context.scene    default_scene.render.resolution_percentage = resolution_percentage    default_scene.render.film_transparent = True    default_cube = bpy.data.objects[&quot;Cube&quot;]    default_cube.rotation_euler = (0,0,2.949250246227153)    # Rendering    bpy.ops.render.render(animation=False, write_still=True)</text></g><g fill="#FFFFFF" transform="translate(0.0, 2.0)"><g transform="scale(1.0, -1.0)" text-anchor="middle"><text font-size="2.0">default cube</text></g></g></g></g></svg>
47<svg viewBox="-8.0 -4.5 16.0 9.0" xmlns="http://www.w3.org/2000/svg" xmlns:xlink="http://www.w3.org/1999/xlink" version="1.1" preserveAspectRatio="none"><g stroke-width="0.05" transform="scale(1.0, -1.0)"><g><g fill="#000000" transform="translate(-8.0, -4.5)"><rect width="16.0" height="9.0" /></g><g transform="scale(1.0, -1.0)" text-anchor="middle"><text font-size="2.0">import bpyif __name__ == &quot;__main__&quot;:    # Args    resolution_percentage = 40    # Setting    default_scene = bpy.context.scene    default_scene.render.resolution_percentage = resolution_percentage    default_scene.render.film_transparent = True    default_cube = bpy.data.objects[&quot;Cube&quot;]    default_cube.rotation_euler = (0,0,3.0133643820146996)    # Rendering    bpy.ops.render.render(animation=False, write_still=True)</text></g><g fill="#FFFFFF" transform="translate(0.0, 2.0)"><g transform="scale(1.0, -1.0)" text-anchor="middle"><text font-size="2.0">default cube</text></g></g></g></g></svg>
48<svg viewBox="-8.0 -4.5 16.0 9.0" xmlns="http://www.w3.org/2000/svg" xmlns:xlink="http://www.w3.org/1999/xlink" version="1.1" preserveAspectRatio="none"><g stroke-width="0.05" transform="scale(1.0, -1.0)"><g><g fill="#000000" transform="translate(-8.0, -4.5)"><rect width="16.0" height="9.0" /></g><g transform="scale(1.0, -1.0)" text-anchor="middle"><text font-size="2.0">import bpyif __name__ == &quot;__main__&quot;:    # Args    resolution_percentage = 40    # Setting    default_scene = bpy.context.scene    default_scene.render.resolution_percentage = resolution_percentage    default_scene.render.film_transparent = True    default_cube = bpy.data.objects[&quot;Cube&quot;]    default_cube.rotation_euler = (0,0,3.077478517802246)    # Rendering    bpy.ops.render.render(animation=False, write_still=True)</text></g><g fill="#FFFFFF" transform="translate(0.0, 2.0)"><g transform="scale(1.0, -1.0)" text-anchor="middle"><text font-size="2.0">default cube</text></g></g></g></g></svg>
49<svg viewBox="-8.0 -4.5 16.0 9.0" xmlns="http://www.w3.org/2000/svg" xmlns:xlink="http://www.w3.org/1999/xlink" version="1.1" preserveAspectRatio="none"><g stroke-width="0.05" transform="scale(1.0, -1.0)"><g><g fill="#000000" transform="translate(-8.0, -4.5)"><rect width="16.0" height="9.0" /></g><g transform="scale(1.0, -1.0)" text-anchor="middle"><text font-size="2.0">import bpyif __name__ == &quot;__main__&quot;:    # Args    resolution_percentage = 40    # Setting    default_scene = bpy.context.scene    default_scene.render.resolution_percentage = resolution_percentage    default_scene.render.film_transparent = True    default_cube = bpy.data.objects[&quot;Cube&quot;]    default_cube.rotation_euler = (0,0,3.141592653589793)    # Rendering    bpy.ops.render.render(animation=False, write_still=True)</text></g><g fill="#FFFFFF" transform="translate(0.0, 2.0)"><g transform="scale(1.0, -1.0)" text-anchor="middle"><text font-size="2.0">default cube</text></g></g></g></g></svg>
