0<svg viewBox="-8.0 -4.5 16.0 9.0" xmlns="http://www.w3.org/2000/svg" xmlns:xlink="http://www.w3.org/1999/xlink" version="1.1" preserveAspectRatio="none"><g stroke-width="0.05" transform="scale(1.0, -1.0)"><g><g stroke-width="0.0" fill="#FFFFFF" transform="translate(-8.0, -4.5)" fill-opacity="1.0"><rect width="16.0" height="9.0" /></g><g stroke-width="0.1" stroke="#000000" fill-opacity="0.0"><path d="M-3.0,0.0 C-3.0,0.0 -3.0,0.0 -3.0,0.0" /></g></g></g></svg>
1<svg viewBox="-8.0 -4.5 16.0 9.0" xmlns="http://www.w3.org/2000/svg" xmlns:xlink="http://www.w3.org/1999/xlink" version="1.1" preserveAspectRatio="none"><g stroke-width="0.05" transform="scale(1.0, -1.0)"><g><g stroke-width="0.0" fill="#FFFFFF" transform="translate(-8.0, -4.5)" fill-opacity="1.0"><rect width="16.0" height="9.0" /></g><g stroke-width="0.1" stroke="#000000" fill-opacity="0.0"><path d="M-3.0,0.0 C-3.000000,0.270506 -2.964197,0.532651 -2.897073,0.781954" /></g></g></g></svg>
2<svg viewBox="-8.0 -4.5 16.0 9.0" xmlns="http://www.w3.org/2000/svg" xmlns:xlink="http://www.w3.org/1999/xlink" version="1.1" preserveAspectRatio="none"><g stroke-width="0.05" transform="scale(1.0, -1.0)"><g><g stroke-width="0.0" fill="#FFFFFF" transform="translate(-8.0, -4.5)" fill-opacity="1.0"><rect width="16.0" height="9.0" /></g><g stroke-width="0.1" stroke="#000000" fill-opacity="0.0"><path d="M-3.0,0.0 C-3.0,0.541013 -2.856790,1.048578 -2.606212,1.486855" /></g></g></g></svg>
3<svg viewBox="-8.0 -4.5 16.0 9.0" xmlns="http://www.w3.org/2000/svg" xmlns:xlink="http://www.w3.org/1999/xlink" version="1.1" preserveAspectRatio="none"><g stroke-width="0.05" transform="scale(1.0, -1.0)"><g><g stroke-width="0.0" fill="#FFFFFF" transform="translate(-8.0, -4.5)" fill-opacity="1.0"><rect width="16.0" height="9.0" /></g><g stroke-width="0.1" stroke="#000000" fill-opacity="0.0"><path d="M-3.0,0.0 C-3.0,0.811520 -2.677779,1.547782 -2.154298,2.087824" /></g></g></g></svg>
4<svg viewBox="-8.0 -4.5 16.0 9.0" xmlns="http://www.w3.org/2000/svg" xmlns:xlink="http://www.w3.org/1999/xlink" version="1.1" preserveAspectRatio="none"><g stroke-width="0.05" transform="scale(1.0, -1.0)"><g><g stroke-width="0.0" fill="#FFFFFF" transform="translate(-8.0, -4.5)" fill-opacity="1.0"><rect width="16.0" height="9.0" /></g><g stroke-width="0.1" stroke="#000000" fill-opacity="0.0"><path d="M-3.0,0.0 C-3.0,1.082027 -2.427163,2.030261 -1.568211,2.557979" /></g></g></g></svg>
5<svg viewBox="-8.0 -4.5 16.0 9.0" xmlns="http://www.w3.org/2000/svg" xmlns:xlink="http://www.w3.org/1999/xlink" version="1.1" preserveAspectRatio="none"><g stroke-width="0.05" transform="scale(1.0, -1.0)"><g><g stroke-width="0.0" fill="#FFFFFF" transform="translate(-8.0, -4.5)" fill-opacity="1.0"><rect width="16.0" height="9.0" /></g><g stroke-width="0.1" stroke="#000000" fill-opacity="0.0"><path d="M-3.0,0.0 C-3.0,1.352534 -2.104942,2.496016 -0.874831,2.870441" /></g></g></g></svg>
6<svg viewBox="-8.0 -4.5 16.0 9.0" xmlns="http://www.w3.org/2000/svg" xmlns:xlink="http://www.w3.org/1999/xlink" version="1.1" preserveAspectRatio="none"><g stroke-width="0.05" transform="scale(1.0, -1.0)"><g><g stroke-width="0.0" fill="#FFFFFF" transform="translate(-8.0, -4.5)" fill-opacity="1.0"><rect width="16.0" height="9.0" /></g><g stroke-width="0.1" stroke="#000000" fill-opacity="0.0"><path d="M-3.0,0.0 C-3.0,1.623040 -1.711117,2.945047 -0.101039,2.998330" /></g></g></g></svg>
7<svg viewBox="-8.0 -4.5 16.0 9.0" xmlns="http://www.w3.org/2000/svg" xmlns:xlink="http://www.w3.org/1999/xlink" version="1.1" preserveAspectRatio="none"><g stroke-width="0.05" transform="scale(1.0, -1.0)"><g><g stroke-width="0.0" fill="#FFFFFF" transform="translate(-8.0, -4.5)" fill-opacity="1.0"><rect width="16.0" height="9.0" /></g><g stroke-width="0.1" stroke="#000000" fill-opacity="0.0"><path d="M-3.0,0.0 C-3.0,1.656854 -1.656854,3.0 0.000000,3.0 C0.236693,3.0 0.466984,2.972588 0.687872,2.920767" /></g></g></g></svg>
8<svg viewBox="-8.0 -4.5 16.0 9.0" xmlns="http://www.w3.org/2000/svg" xmlns:xlink="http://www.w3.org/1999/xlink" version="1.1" preserveAspectRatio="none"><g stroke-width="0.05" transform="scale(1.0, -1.0)"><g><g stroke-width="0.0" fill="#FFFFFF" transform="translate(-8.0, -4.5)" fill-opacity="1.0"><rect width="16.0" height="9.0" /></g><g stroke-width="0.1" stroke="#000000" fill-opacity="0.0"><path d="M-3.0,0.0 C-3.0,1.656854 -1.656854,3.0 0.000000,3.0 C0.507200,3.0 0.985002,2.874132 1.403875,2.651929" /></g></g></g></svg>
9<svg viewBox="-8.0 -4.5 16.0 9.0" xmlns="http://www.w3.org/2000/svg" xmlns:xlink="http://www.w3.org/1999/xlink" version="1.1" preserveAspectRatio="none"><g stroke-width="0.05" transform="scale(1.0, -1.0)"><g><g stroke-width="0.0" fill="#FFFFFF" transform="translate(-8.0, -4.5)" fill-opacity="1.0"><rect width="16.0" height="9.0" /></g><g stroke-width="0.1" stroke="#000000" fill-opacity="0.0"><path d="M-3.0,0.0 C-3.0,1.656854 -1.656854,3.0 0.000000,3.0 C0.777707,3.0 1.486296,2.704071 2.019305,2.218676" /></g></g></g></svg>
10<svg viewBox="-8.0 -4.5 16.0 9.0" xmlns="http://www.w3.org/2000/svg" xmlns:xlink="http://www.w3.org/1999/xlink" version="1.1" preserveAspectRatio="none"><g stroke-width="0.05" transform="scale(1.0, -1.0)"><g><g stroke-width="0.0" fill="#FFFFFF" transform="translate(-8.0, -4.5)" fill-opacity="1.0"><rect width="16.0" height="9.0" /></g><g stroke-width="0.1" stroke="#000000" fill-opacity="0.0"><path d="M-3.0,0.0 C-3.0,1.656854 -1.656854,3.0 0.000000,3.0 C1.048213,3.0 1.970866,2.462406 2.507282,1.647891" /></g></g></g></svg>
11<svg viewBox="-8.0 -4.5 16.0 9.0" xmlns="http://www.w3.org/2000/svg" xmlns:xlink="http://www.w3.org/1999/xlink" version="1.1" preserveAspectRatio="none"><g stroke-width="0.05" transform="scale(1.0, -1.0)"><g><g stroke-width="0.0" fill="#FFFFFF" transform="translate(-8.0, -4.5)" fill-opacity="1.0"><rect width="16.0" height="9.0" /></g><g stroke-width="0.1" stroke="#000000" fill-opacity="0.0"><path d="M-3.0,0.0 C-3.0,1.656854 -1.656854,3.0 0.000000,3.0 C1.318720,3.0 2.438711,2.149135 2.840926,0.966453" /></g></g></g></svg>
12<svg viewBox="-8.0 -4.5 16.0 9.0" xmlns="http://www.w3.org/2000/svg" xmlns:xlink="http://www.w3.org/1999/xlink" version="1.1" preserveAspectRatio="none"><g stroke-width="0.05" transform="scale(1.0, -1.0)"><g><g stroke-width="0.0" fill="#FFFFFF" transform="translate(-8.0, -4.5)" fill-opacity="1.0"><rect width="16.0" height="9.0" /></g><g stroke-width="0.1" stroke="#000000" fill-opacity="0.0"><path d="M-3.0,0.0 C-3.0,1.656854 -1.656854,3.0 0.000000,3.0 C1.589227,3.0 2.889832,1.764261 2.993357,0.201242" /></g></g></g></svg>
13<svg viewBox="-8.0 -4.5 16.0 9.0" xmlns="http://www.w3.org/2000/svg" xmlns:xlink="http://www.w3.org/1999/xlink" version="1.1" preserveAspectRatio="none"><g stroke-width="0.05" transform="scale(1.0, -1.0)"><g><g stroke-width="0.0" fill="#FFFFFF" transform="translate(-8.0, -4.5)" fill-opacity="1.0"><rect width="16.0" height="9.0" /></g><g stroke-width="0.1" stroke="#000000" fill-opacity="0.0"><path d="M-3.0,0.0 C-3.0,1.656854 -1.656854,3.0 0.000000,3.0 C1.656854,3.0 3.0,1.656854 3.0,0.0 C3.000000,-0.202880 2.979861,-0.401056 2.941473,-0.592639" /></g></g></g></svg>
14<svg viewBox="-8.0 -4.5 16.0 9.0" xmlns="http://www.w3.org/2000/svg" xmlns:xlink="http://www.w3.org/1999/xlink" version="1.1" preserveAspectRatio="none"><g stroke-width="0.05" transform="scale(1.0, -1.0)"><g><g stroke-width="0.0" fill="#FFFFFF" transform="translate(-8.0, -4.5)" fill-opacity="1.0"><rect width="16.0" height="9.0" /></g><g stroke-width="0.1" stroke="#000000" fill-opacity="0.0"><path d="M-3.0,0.0 C-3.0,1.656854 -1.656854,3.0 0.000000,3.0 C1.656854,3.0 3.0,1.656854 3.0,0.0 C3.0,-0.473386 2.890355,-0.921164 2.695076,-1.319324" /></g></g></g></svg>
15<svg viewBox="-8.0 -4.5 16.0 9.0" xmlns="http://www.w3.org/2000/svg" xmlns:xlink="http://www.w3.org/1999/xlink" version="1.1" preserveAspectRatio="none"><g stroke-width="0.05" transform="scale(1.0, -1.0)"><g><g stroke-width="0.0" fill="#FFFFFF" transform="translate(-8.0, -4.5)" fill-opacity="1.0"><rect width="16.0" height="9.0" /></g><g stroke-width="0.1" stroke="#000000" fill-opacity="0.0"><path d="M-3.0,0.0 C-3.0,1.656854 -1.656854,3.0 0.000000,3.0 C1.656854,3.0 3.0,1.656854 3.0,0.0 C3.0,-0.743893 2.729245,-1.424549 2.280906,-1.948795" /></g></g></g></svg>
16<svg viewBox="-8.0 -4.5 16.0 9.0" xmlns="http://www.w3.org/2000/svg" xmlns:xlink="http://www.w3.org/1999/xlink" version="1.1" preserveAspectRatio="none"><g stroke-width="0.05" transform="scale(1.0, -1.0)"><g><g stroke-width="0.0" fill="#FFFFFF" transform="translate(-8.0, -4.5)" fill-opacity="1.0"><rect width="16.0" height="9.0" /></g><g stroke-width="0.1" stroke="#000000" fill-opacity="0.0"><path d="M-3.0,0.0 C-3.0,1.656854 -1.656854,3.0 0.000000,3.0 C1.656854,3.0 3.0,1.656854 3.0,0.0 C3.0,-1.014400 2.496530,-1.911209 1.725842,-2.454174" /></g></g></g></svg>
17<svg viewBox="-8.0 -4.5 16.0 9.0" xmlns="http://www.w3.org/2000/svg" xmlns:xlink="http://www.w3.org/1999/xlink" version="1.1" preserveAspectRatio="none"><g stroke-width="0.05" transform="scale(1.0, -1.0)"><g><g stroke-width="0.0" fill="#FFFFFF" transform="translate(-8.0, -4.5)" fill-opacity="1.0"><rect width="16.0" height="9.0" /></g><g stroke-width="0.1" stroke="#000000" fill-opacity="0.0"><path d="M-3.0,0.0 C-3.0,1.656854 -1.656854,3.0 0.000000,3.0 C1.656854,3.0 3.0,1.656854 3.0,0.0 C3.0,-1.284907 2.192210,-2.381145 1.056765,-2.808580" /></g></g></g></svg>
18<svg viewBox="-8.0 -4.5 16.0 9.0" xmlns="http://www.w3.org/2000/svg" xmlns:xlink="http://www.w3.org/1999/xlink" version="1.1" preserveAspectRatio="none"><g stroke-width="0.05" transform="scale(1.0, -1.0)"><g><g stroke-width="0.0" fill="#FFFFFF" transform="translate(-8.0, -4.5)" fill-opacity="1.0"><rect width="16.0" height="9.0" /></g><g stroke-width="0.1" stroke="#000000" fill-opacity="0.0"><path d="M-3.0,0.0 C-3.0,1.656854 -1.656854,3.0 0.000000,3.0 C1.656854,3.0 3.0,1.656854 3.0,0.0 C3.0,-1.555414 1.816286,-2.834357 0.300556,-2.985132" /></g></g></g></svg>
19<svg viewBox="-8.0 -4.5 16.0 9.0" xmlns="http://www.w3.org/2000/svg" xmlns:xlink="http://www.w3.org/1999/xlink" version="1.1" preserveAspectRatio="none"><g stroke-width="0.05" transform="scale(1.0, -1.0)"><g><g stroke-width="0.0" fill="#FFFFFF" transform="translate(-8.0, -4.5)" fill-opacity="1.0"><rect width="16.0" height="9.0" /></g><g stroke-width="0.1" stroke="#000000" fill-opacity="0.0"><path d="M-3.0,0.0 C-3.0,1.656854 -1.656854,3.0 0.000000,3.0 C1.656854,3.0 3.0,1.656854 3.0,0.0 C3.0,-1.656854 1.656854,-3.0 0.000000,-3.0 C-0.169066,-3.0 -0.334867,-2.986014 -0.496307,-2.959137" /></g></g></g></svg>
20<svg viewBox="-8.0 -4.5 16.0 9.0" xmlns="http://www.w3.org/2000/svg" xmlns:xlink="http://www.w3.org/1999/xlink" version="1.1" preserveAspectRatio="none"><g stroke-width="0.05" transform="scale(1.0, -1.0)"><g><g stroke-width="0.0" fill="#FFFFFF" transform="translate(-8.0, -4.5)" fill-opacity="1.0"><rect width="16.0" height="9.0" /></g><g stroke-width="0.1" stroke="#000000" fill-opacity="0.0"><path d="M-3.0,0.0 C-3.0,1.656854 -1.656854,3.0 0.000000,3.0 C1.656854,3.0 3.0,1.656854 3.0,0.0 C3.0,-1.656854 1.656854,-3.0 0.000000,-3.0 C-0.439573,-3.0 -0.857066,-2.905459 -1.233253,-2.735602" /></g></g></g></svg>
21<svg viewBox="-8.0 -4.5 16.0 9.0" xmlns="http://www.w3.org/2000/svg" xmlns:xlink="http://www.w3.org/1999/xlink" version="1.1" preserveAspectRatio="none"><g stroke-width="0.05" transform="scale(1.0, -1.0)"><g><g stroke-width="0.0" fill="#FFFFFF" transform="translate(-8.0, -4.5)" fill-opacity="1.0"><rect width="16.0" height="9.0" /></g><g stroke-width="0.1" stroke="#000000" fill-opacity="0.0"><path d="M-3.0,0.0 C-3.0,1.656854 -1.656854,3.0 0.000000,3.0 C1.656854,3.0 3.0,1.656854 3.0,0.0 C3.0,-1.656854 1.656854,-3.0 0.000000,-3.0 C-0.710080,-3.0 -1.362540,-2.753299 -1.876346,-2.340933" /></g></g></g></svg>
22<svg viewBox="-8.0 -4.5 16.0 9.0" xmlns="http://www.w3.org/2000/svg" xmlns:xlink="http://www.w3.org/1999/xlink" version="1.1" preserveAspectRatio="none"><g stroke-width="0.05" transform="scale(1.0, -1.0)"><g><g stroke-width="0.0" fill="#FFFFFF" transform="translate(-8.0, -4.5)" fill-opacity="1.0"><rect width="16.0" height="9.0" /></g><g stroke-width="0.1" stroke="#000000" fill-opacity="0.0"><path d="M-3.0,0.0 C-3.0,1.656854 -1.656854,3.0 0.000000,3.0 C1.656854,3.0 3.0,1.656854 3.0,0.0 C3.0,-1.656854 1.656854,-3.0 0.000000,-3.0 C-0.980587,-3.0 -1.851291,-2.529535 -2.398707,-1.802011" /></g></g></g></svg>
23<svg viewBox="-8.0 -4.5 16.0 9.0" xmlns="http://www.w3.org/2000/svg" xmlns:xlink="http://www.w3.org/1999/xlink" version="1.1" preserveAspectRatio="none"><g stroke-width="0.05" transform="scale(1.0, -1.0)"><g><g stroke-width="0.0" fill="#FFFFFF" transform="translate(-8.0, -4.5)" fill-opacity="1.0"><rect width="16.0" height="9.0" /></g><g stroke-width="0.1" stroke="#000000" fill-opacity="0.0"><path d="M-3.0,0.0 C-3.0,1.656854 -1.656854,3.0 0.000000,3.0 C1.656854,3.0 3.0,1.656854 3.0,0.0 C3.0,-1.656854 1.656854,-3.0 0.000000,-3.0 C-1.251094,-3.0 -2.323318,-2.234166 -2.773454,-1.145716" /></g></g></g></svg>
24<svg viewBox="-8.0 -4.5 16.0 9.0" xmlns="http://www.w3.org/2000/svg" xmlns:xlink="http://www.w3.org/1999/xlink" version="1.1" preserveAspectRatio="none"><g stroke-width="0.05" transform="scale(1.0, -1.0)"><g><g stroke-width="0.0" fill="#FFFFFF" transform="translate(-8.0, -4.5)" fill-opacity="1.0"><rect width="16.0" height="9.0" /></g><g stroke-width="0.1" stroke="#000000" fill-opacity="0.0"><path d="M-3.0,0.0 C-3.0,1.656854 -1.656854,3.0 0.000000,3.0 C1.656854,3.0 3.0,1.656854 3.0,0.0 C3.0,-1.656854 1.656854,-3.0 0.000000,-3.0 C-1.521600,-3.0 -2.778620,-1.867192 -2.973708,-0.398928" /></g></g></g></svg>
25<svg viewBox="-8.0 -4.5 16.0 9.0" xmlns="http://www.w3.org/2000/svg" xmlns:xlink="http://www.w3.org/1999/xlink" version="1.1" preserveAspectRatio="none"><g stroke-width="0.05" transform="scale(1.0, -1.0)"><g><g stroke-width="0.0" fill="#FFFFFF" transform="translate(-8.0, -4.5)" fill-opacity="1.0"><rect width="16.0" height="9.0" /></g><g stroke-width="0.1" stroke="#000000" fill-opacity="0.0"><path d="M-3.0,0.0 C-3.0,1.656854 -1.656854,3.0 0.000000,3.0 C1.656854,3.0 3.0,1.656854 3.0,0.0 C3.0,-1.656854 1.656854,-3.0 0.000000,-3.0 C-1.521600,-3.0 -2.778620,-1.867192 -2.973708,-0.398928" /></g></g></g></svg>
26<svg viewBox="-8.0 -4.5 16.0 9.0" xmlns="http://www.w3.org/2000/svg" xmlns:xlink="http://www.w3.org/1999/xlink" version="1.1" preserveAspectRatio="none"><g stroke-width="0.05" transform="scale(1.0, -1.0)"><g><g stroke-width="0.0" fill="#FFFFFF" transform="translate(-8.0, -4.5)" fill-opacity="1.0"><rect width="16.0" height="9.0" /></g><g stroke-width="0.1" stroke="#000000" fill-opacity="0.0"><path d="M-3.0,0.0 C-3.0,1.656854 -1.656854,3.0 0.000000,3.0 C1.656854,3.0 3.0,1.656854 3.0,0.0 C3.0,-1.656854 1.656854,-3.0 0.000000,-3.0 C-1.251094,-3.0 -2.323318,-2.234166 -2.773454,-1.145716" /></g></g></g></svg>
27<svg viewBox="-8.0 -4.5 16.0 9.0" xmlns="http://www.w3.org/2000/svg" xmlns:xlink="http://www.w3.org/1999/xlink" version="1.1" preserveAspectRatio="none"><g stroke-width="0.05" transform="scale(1.0, -1.0)"><g><g stroke-width="0.0" fill="#FFFFFF" transform="translate(-8.0, -4.5)" fill-opacity="1.0"><rect width="16.0" height="9.0" /></g><g stroke-width="0.1" stroke="#000000" fill-opacity="0.0"><path d="M-3.0,0.0 C-3.0,1.656854 -1.656854,3.0 0.000000,3.0 C1.656854,3.0 3.0,1.656854 3.0,0.0 C3.0,-1.656854 1.656854,-3.0 0.000000,-3.0 C-0.980587,-3.0 -1.851291,-2.529535 -2.398707,-1.802011" /></g></g></g></svg>
28<svg viewBox="-8.0 -4.5 16.0 9.0" xmlns="http://www.w3.org/2000/svg" xmlns:xlink="http://www.w3.org/1999/xlink" version="1.1" preserveAspectRatio="none"><g stroke-width="0.05" transform="scale(1.0, -1.0)"><g><g stroke-width="0.0" fill="#FFFFFF" transform="translate(-8.0, -4.5)" fill-opacity="1.0"><rect width="16.0" height="9.0" /></g><g stroke-width="0.1" stroke="#000000" fill-opacity="0.0"><path d="M-3.0,0.0 C-3.0,1.656854 -1.656854,3.0 0.000000,3.0 C1.656854,3.0 3.0,1.656854 3.0,0.0 C3.0,-1.656854 1.656854,-3.0 0.000000,-3.0 C-0.710080,-3.0 -1.362540,-2.753299 -1.876346,-2.340933" /></g></g></g></svg>
29<svg viewBox="-8.0 -4.5 16.0 9.0" xmlns="http://www.w3.org/2000/svg" xmlns:xlink="http://www.w3.org/1999/xlink" version="1.1" preserveAspectRatio="none"><g stroke-width="0.05" transform="scale(1.0, -1.0)"><g><g stroke-width="0.0" fill="#FFFFFF" transform="translate(-8.0, -4.5)" fill-opacity="1.0"><rect width="16.0" height="9.0" /></g><g stroke-width="0.1" stroke="#000000" fill-opacity="0.0"><path d="M-3.0,0.0 C-3.0,1.656854 -1.656854,3.0 0.000000,3.0 C1.656854,3.0 3.0,1.656854 3.0,0.0 C3.0,-1.656854 1.656854,-3.0 0.000000,-3.0 C-0.439573,-3.000000 -0.857066,-2.905459 -1.233253,-2.735602" /></g></g></g></svg>
30<svg viewBox="-8.0 -4.5 16.0 9.0" xmlns="http://www.w3.org/2000/svg" xmlns:xlink="http://www.w3.org/1999/xlink" version="1.1" preserveAspectRatio="none"><g stroke-width="0.05" transform="scale(1.0, -1.0)"><g><g stroke-width="0.0" fill="#FFFFFF" transform="translate(-8.0, -4.5)" fill-opacity="1.0"><rect width="16.0" height="9.0" /></g><g stroke-width="0.1" stroke="#000000" fill-opacity="0.0"><path d="M-3.0,0.0 C-3.0,1.656854 -1.656854,3.0 0.000000,3.0 C1.656854,3.0 3.0,1.656854 3.0,0.0 C3.0,-1.656854 1.656854,-3.0 0.000000,-3.0 C-0.169066,-3.0 -0.334867,-2.986014 -0.496307,-2.959137" /></g></g></g></svg>
31<svg viewBox="-8.0 -4.5 16.0 9.0" xmlns="http://www.w3.org/2000/svg" xmlns:xlink="http://www.w3.org/1999/xlink" version="1.1" preserveAspectRatio="none"><g stroke-width="0.05" transform="scale(1.0, -1.0)"><g><g stroke-width="0.0" fill="#FFFFFF" transform="translate(-8.0, -4.5)" fill-opacity="1.0"><rect width="16.0" height="9.0" /></g><g stroke-width="0.1" stroke="#000000" fill-opacity="0.0"><path d="M-3.0,0.0 C-3.0,1.656854 -1.656854,3.0 0.000000,3.0 C1.656854,3.0 3.0,1.656854 3.0,0.0 C3.0,-1.555414 1.816286,-2.834357 0.300556,-2.985132" /></g></g></g></svg>
32<svg viewBox="-8.0 -4.5 16.0 9.0" xmlns="http://www.w3.org/2000/svg" xmlns:xlink="http://www.w3.org/1999/xlink" version="1.1" preserveAspectRatio="none"><g stroke-width="0.05" transform="scale(1.0, -1.0)"><g><g stroke-width="0.0" fill="#FFFFFF" transform="translate(-8.0, -4.5)" fill-opacity="1.0"><rect width="16.0" height="9.0" /></g><g stroke-width="0.1" stroke="#000000" fill-opacity="0.0"><path d="M-3.0,0.0 C-3.0,1.656854 -1.656854,3.0 0.000000,3.0 C1.656854,3.0 3.0,1.656854 3.0,0.0 C3.0,-1.284907 2.192210,-2.381145 1.056765,-2.808580" /></g></g></g></svg>
33<svg viewBox="-8.0 -4.5 16.0 9.0" xmlns="http://www.w3.org/2000/svg" xmlns:xlink="http://www.w3.org/1999/xlink" version="1.1" preserveAspectRatio="none"><g stroke-width="0.05" transform="scale(1.0, -1.0)"><g><g stroke-width="0.0" fill="#FFFFFF" transform="translate(-8.0, -4.5)" fill-opacity="1.0"><rect width="16.0" height="9.0" /></g><g stroke-width="0.1" stroke="#000000" fill-opacity="0.0"><path d="M-3.0,0.0 C-3.0,1.656854 -1.656854,3.0 0.000000,3.0 C1.656854,3.0 3.0,1.656854 3.0,0.0 C3.0,-1.014400 2.496530,-1.911209 1.725842,-2.454174" /></g></g></g></svg>
34<svg viewBox="-8.0 -4.5 16.0 9.0" xmlns="http://www.w3.org/2000/svg" xmlns:xlink="http://www.w3.org/1999/xlink" version="1.1" preserveAspectRatio="none"><g stroke-width="0.05" transform="scale(1.0, -1.0)"><g><g stroke-width="0.0" fill="#FFFFFF" transform="translate(-8.0, -4.5)" fill-opacity="1.0"><rect width="16.0" height="9.0" /></g><g stroke-width="0.1" stroke="#000000" fill-opacity="0.0"><path d="M-3.0,0.0 C-3.0,1.656854 -1.656854,3.0 0.000000,3.0 C1.656854,3.0 3.0,1.656854 3.0,0.0 C3.0,-0.743893 2.729245,-1.424549 2.280906,-1.948795" /></g></g></g></svg>
35<svg viewBox="-8.0 -4.5 16.0 9.0" xmlns="http://www.w3.org/2000/svg" xmlns:xlink="http://www.w3.org/1999/xlink" version="1.1" preserveAspectRatio="none"><g stroke-width="0.05" transform="scale(1.0, -1.0)"><g><g stroke-width="0.0" fill="#FFFFFF" transform="translate(-8.0, -4.5)" fill-opacity="1.0"><rect width="16.0" height="9.0" /></g><g stroke-width="0.1" stroke="#000000" fill-opacity="0.0"><path d="M-3.0,0.0 C-3.0,1.656854 -1.656854,3.0 0.000000,3.0 C1.656854,3.0 3.0,1.656854 3.0,0.0 C3.0,-0.473386 2.890355,-0.921164 2.695076,-1.319324" /></g></g></g></svg>
36<svg viewBox="-8.0 -4.5 16.0 9.0" xmlns="http://www.w3.org/2000/svg" xmlns:xlink="http://www.w3.org/1999/xlink" version="1.1" preserveAspectRatio="none"><g stroke-width="0.05" transform="scale(1.0, -1.0)"><g><g stroke-width="0.0" fill="#FFFFFF" transform="translate(-8.0, -4.5)" fill-opacity="1.0"><rect width="16.0" height="9.0" /></g><g stroke-width="0.1" stroke="#000000" fill-opacity="0.0"><path d="M-3.0,0.0 C-3.0,1.656854 -1.656854,3.0 0.000000,3.0 C1.656854,3.0 3.0,1.656854 3.0,0.0 C2.999999,-0.202880 2.979861,-0.401056 2.941473,-0.592639" /></g></g></g></svg>
37<svg viewBox="-8.0 -4.5 16.0 9.0" xmlns="http://www.w3.org/2000/svg" xmlns:xlink="http://www.w3.org/1999/xlink" version="1.1" preserveAspectRatio="none"><g stroke-width="0.05" transform="scale(1.0, -1.0)"><g><g stroke-width="0.0" fill="#FFFFFF" transform="translate(-8.0, -4.5)" fill-opacity="1.0"><rect width="16.0" height="9.0" /></g><g stroke-width="0.1" stroke="#000000" fill-opacity="0.0"><path d="M-3.0,0.0 C-3.0,1.656854 -1.656854,3.0 0.000000,3.0 C1.589227,3.0 2.889832,1.764261 2.993357,0.201242" /></g></g></g></svg>
38<svg viewBox="-8.0 -4.5 16.0 9.0" xmlns="http://www.w3.org/2000/svg" xmlns:xlink="http://www.w3.org/1999/xlink" version="1.1" preserveAspectRatio="none"><g stroke-width="0.05" transform="scale(1.0, -1.0)"><g><g stroke-width="0.0" fill="#FFFFFF" transform="translate(-8.0, -4.5)" fill-opacity="1.0"><rect width="16.0" height="9.0" /></g><g stroke-width="0.1" stroke="#000000" fill-opacity="0.0"><path d="M-3.0,0.0 C-3.0,1.656854 -1.656854,3.0 0.000000,3.0 C1.318720,3.0 2.438711,2.149135 2.840926,0.966453" /></g></g></g></svg>
39<svg viewBox="-8.0 -4.5 16.0 9.0" xmlns="http://www.w3.org/2000/svg" xmlns:xlink="http://www.w3.org/1999/xlink" version="1.1" preserveAspectRatio="none"><g stroke-width="0.05" transform="scale(1.0, -1.0)"><g><g stroke-width="0.0" fill="#FFFFFF" transform="translate(-8.0, -4.5)" fill-opacity="1.0"><rect width="16.0" height="9.0" /></g><g stroke-width="0.1" stroke="#000000" fill-opacity="0.0"><path d="M-3.0,0.0 C-3.0,1.656854 -1.656854,3.0 0.000000,3.0 C1.048213,3.0 1.970866,2.462406 2.507282,1.647891" /></g></g></g></svg>
40<svg viewBox="-8.0 -4.5 16.0 9.0" xmlns="http://www.w3.org/2000/svg" xmlns:xlink="http://www.w3.org/1999/xlink" version="1.1" preserveAspectRatio="none"><g stroke-width="0.05" transform="scale(1.0, -1.0)"><g><g stroke-width="0.0" fill="#FFFFFF" transform="translate(-8.0, -4.5)" fill-opacity="1.0"><rect width="16.0" height="9.0" /></g><g stroke-width="0.1" stroke="#000000" fill-opacity="0.0"><path d="M-3.0,0.0 C-3.0,1.656854 -1.656854,3.0 0.000000,3.0 C0.777707,3.0 1.486296,2.704071 2.019305,2.218676" /></g></g></g></svg>
41<svg viewBox="-8.0 -4.5 16.0 9.0" xmlns="http://www.w3.org/2000/svg" xmlns:xlink="http://www.w3.org/1999/xlink" version="1.1" preserveAspectRatio="none"><g stroke-width="0.05" transform="scale(1.0, -1.0)"><g><g stroke-width="0.0" fill="#FFFFFF" transform="translate(-8.0, -4.5)" fill-opacity="1.0"><rect width="16.0" height="9.0" /></g><g stroke-width="0.1" stroke="#000000" fill-opacity="0.0"><path d="M-3.0,0.0 C-3.0,1.656854 -1.656854,3.0 0.000000,3.0 C0.507200,3.0 0.985002,2.874132 1.403875,2.651929" /></g></g></g></svg>
42<svg viewBox="-8.0 -4.5 16.0 9.0" xmlns="http://www.w3.org/2000/svg" xmlns:xlink="http://www.w3.org/1999/xlink" version="1.1" preserveAspectRatio="none"><g stroke-width="0.05" transform="scale(1.0, -1.0)"><g><g stroke-width="0.0" fill="#FFFFFF" transform="translate(-8.0, -4.5)" fill-opacity="1.0"><rect width="16.0" height="9.0" /></g><g stroke-width="0.1" stroke="#000000" fill-opacity="0.0"><path d="M-3.0,0.0 C-3.0,1.656854 -1.656854,3.0 0.000000,3.0 C0.236693,3.0 0.466984,2.972588 0.687872,2.920767" /></g></g></g></svg>
43<svg viewBox="-8.0 -4.5 16.0 9.0" xmlns="http://www.w3.org/2000/svg" xmlns:xlink="http://www.w3.org/1999/xlink" version="1.1" preserveAspectRatio="none"><g stroke-width="0.05" transform="scale(1.0, -1.0)"><g><g stroke-width="0.0" fill="#FFFFFF" transform="translate(-8.0, -4.5)" fill-opacity="1.0"><rect width="16.0" height="9.0" /></g><g stroke-width="0.1" stroke="#000000" fill-opacity="0.0"><path d="M-3.0,0.0 C-3.0,1.623040 -1.711117,2.945047 -0.101039,2.998330" /></g></g></g></svg>
44<svg viewBox="-8.0 -4.5 16.0 9.0" xmlns="http://www.w3.org/2000/svg" xmlns:xlink="http://www.w3.org/1999/xlink" version="1.1" preserveAspectRatio="none"><g stroke-width="0.05" transform="scale(1.0, -1.0)"><g><g stroke-width="0.0" fill="#FFFFFF" transform="translate(-8.0, -4.5)" fill-opacity="1.0"><rect width="16.0" height="9.0" /></g><g stroke-width="0.1" stroke="#000000" fill-opacity="0.0"><path d="M-3.0,0.0 C-3.0,1.352534 -2.104942,2.496016 -0.874831,2.870441" /></g></g></g></svg>
45<svg viewBox="-8.0 -4.5 16.0 9.0" xmlns="http://www.w3.org/2000/svg" xmlns:xlink="http://www.w3.org/1999/xlink" version="1.1" preserveAspectRatio="none"><g stroke-width="0.05" transform="scale(1.0, -1.0)"><g><g stroke-width="0.0" fill="#FFFFFF" transform="translate(-8.0, -4.5)" fill-opacity="1.0"><rect width="16.0" height="9.0" /></g><g stroke-width="0.1" stroke="#000000" fill-opacity="0.0"><path d="M-3.0,0.0 C-3.0,1.082027 -2.427163,2.030261 -1.568211,2.557979" /></g></g></g></svg>
46<svg viewBox="-8.0 -4.5 16.0 9.0" xmlns="http://www.w3.org/2000/svg" xmlns:xlink="http://www.w3.org/1999/xlink" version="1.1" preserveAspectRatio="none"><g stroke-width="0.05" transform="scale(1.0, -1.0)"><g><g stroke-width="0.0" fill="#FFFFFF" transform="translate(-8.0, -4.5)" fill-opacity="1.0"><rect width="16.0" height="9.0" /></g><g stroke-width="0.1" stroke="#000000" fill-opacity="0.0"><path d="M-3.0,0.0 C-3.0,0.811520 -2.677779,1.547782 -2.154298,2.087824" /></g></g></g></svg>
47<svg viewBox="-8.0 -4.5 16.0 9.0" xmlns="http://www.w3.org/2000/svg" xmlns:xlink="http://www.w3.org/1999/xlink" version="1.1" preserveAspectRatio="none"><g stroke-width="0.05" transform="scale(1.0, -1.0)"><g><g stroke-width="0.0" fill="#FFFFFF" transform="translate(-8.0, -4.5)" fill-opacity="1.0"><rect width="16.0" height="9.0" /></g><g stroke-width="0.1" stroke="#000000" fill-opacity="0.0"><path d="M-3.0,0.0 C-3.0,0.541013 -2.856790,1.048578 -2.606212,1.486855" /></g></g></g></svg>
48<svg viewBox="-8.0 -4.5 16.0 9.0" xmlns="http://www.w3.org/2000/svg" xmlns:xlink="http://www.w3.org/1999/xlink" version="1.1" preserveAspectRatio="none"><g stroke-width="0.05" transform="scale(1.0, -1.0)"><g><g stroke-width="0.0" fill="#FFFFFF" transform="translate(-8.0, -4.5)" fill-opacity="1.0"><rect width="16.0" height="9.0" /></g><g stroke-width="0.1" stroke="#000000" fill-opacity="0.0"><path d="M-3.0,0.0 C-3.0,0.270506 -2.964197,0.532651 -2.897073,0.781954" /></g></g></g></svg>
49<svg viewBox="-8.0 -4.5 16.0 9.0" xmlns="http://www.w3.org/2000/svg" xmlns:xlink="http://www.w3.org/1999/xlink" version="1.1" preserveAspectRatio="none"><g stroke-width="0.05" transform="scale(1.0, -1.0)"><g><g stroke-width="0.0" fill="#FFFFFF" transform="translate(-8.0, -4.5)" fill-opacity="1.0"><rect width="16.0" height="9.0" /></g><g stroke-width="0.1" stroke="#000000" fill-opacity="0.0"><path d="M-3.0,0.0 C-3.0,0.000000 -3.0,0.000000 -3.0,0.000000" /></g></g></g></svg>
