0<svg viewBox="-8.0 -4.5 16.0 9.0" xmlns="http://www.w3.org/2000/svg" xmlns:xlink="http://www.w3.org/1999/xlink" version="1.1" preserveAspectRatio="none"><g stroke-width="0.05" transform="scale(1.0, -1.0)"><g><g stroke-width="0.0" fill="#FFFFFF" transform="translate(-8.0, -4.5)" fill-opacity="1.0"><rect width="16.0" height="9.0" /></g><g stroke-width="0.1" stroke="#000000" fill-opacity="0.0"><g><g transform="translate(-4.0, -2.25)"><path stroke-linecap="square" d="M0.0,0.0 L0.0,0.0" /></g><path d="M-3.0,0.0 C-3.0,0.0 -3.0,0.0 -3.0,0.0" /></g></g></g></g></svg>
1<svg viewBox="-8.0 -4.5 16.0 9.0" xmlns="http://www.w3.org/2000/svg" xmlns:xlink="http://www.w3.org/1999/xlink" version="1.1" preserveAspectRatio="none"><g stroke-width="0.05" transform="scale(1.0, -1.0)"><g><g stroke-width="0.0" fill="#FFFFFF" transform="translate(-8.0, -4.5)" fill-opacity="1.0"><rect width="16.0" height="9.0" /></g><g stroke-width="0.1" stroke="#000000" fill-opacity="0.0"><g><g transform="translate(-4.0, -2.25)"><path stroke-linecap="square" d="M0.0,0.0 L1.020408,0.0" /></g><path d="M-3.0,0.0 C-3.0,0.135253 -2.991049,0.268416 -2.973708,0.398928" /></g></g></g></g></svg>
2<svg viewBox="-8.0 -4.5 16.0 9.0" xmlns="http://www.w3.org/2000/svg" xmlns:xlink="http://www.w3.org/1999/xlink" version="1.1" preserveAspectRatio="none"><g stroke-width="0.05" transform="scale(1.0, -1.0)"><g><g stroke-width="0.0" fill="#FFFFFF" transform="translate(-8.0, -4.5)" fill-opacity="1.0"><rect width="16.0" height="9.0" /></g><g stroke-width="0.1" stroke="#000000" fill-opacity="0.0"><g><g transform="translate(-4.0, -2.25)"><path stroke-linecap="square" d="M0.0,0.0 L2.040816,0.0" /></g><path d="M-3.0,0.0 C-3.000000,0.270506 -2.964197,0.532651 -2.897073,0.781954" /></g></g></g></g></svg>
3<svg viewBox="-8.0 -4.5 16.0 9.0" xmlns="http://www.w3.org/2000/svg" xmlns:xlink="http://www.w3.org/1999/xlink" version="1.1" preserveAspectRatio="none"><g stroke-width="0.05" transform="scale(1.0, -1.0)"><g><g stroke-width="0.0" fill="#FFFFFF" transform="translate(-8.0, -4.5)" fill-opacity="1.0"><rect width="16.0" height="9.0" /></g><g stroke-width="0.1" stroke="#000000" fill-opacity="0.0"><g><g transform="translate(-4.0, -2.25)"><path stroke-linecap="square" d="M0.0,0.0 L3.061224,0.0" /></g><path d="M-3.0,0.0 C-3.0,0.405760 -2.919444,0.792705 -2.773454,1.145716" /></g></g></g></g></svg>
4<svg viewBox="-8.0 -4.5 16.0 9.0" xmlns="http://www.w3.org/2000/svg" xmlns:xlink="http://www.w3.org/1999/xlink" version="1.1" preserveAspectRatio="none"><g stroke-width="0.05" transform="scale(1.0, -1.0)"><g><g stroke-width="0.0" fill="#FFFFFF" transform="translate(-8.0, -4.5)" fill-opacity="1.0"><rect width="16.0" height="9.0" /></g><g stroke-width="0.1" stroke="#000000" fill-opacity="0.0"><g><g transform="translate(-4.0, -2.25)"><path stroke-linecap="square" d="M0.0,0.0 L4.081632,0.0" /></g><path d="M-3.0,0.0 C-3.0,0.541013 -2.856790,1.048578 -2.606212,1.486855" /></g></g></g></g></svg>
5<svg viewBox="-8.0 -4.5 16.0 9.0" xmlns="http://www.w3.org/2000/svg" xmlns:xlink="http://www.w3.org/1999/xlink" version="1.1" preserveAspectRatio="none"><g stroke-width="0.05" transform="scale(1.0, -1.0)"><g><g stroke-width="0.0" fill="#FFFFFF" transform="translate(-8.0, -4.5)" fill-opacity="1.0"><rect width="16.0" height="9.0" /></g><g stroke-width="0.1" stroke="#000000" fill-opacity="0.0"><g><g transform="translate(-4.0, -2.25)"><path stroke-linecap="square" d="M0.0,0.0 L5.102040,0.0" /></g><path d="M-3.0,0.0 C-3.0,0.676267 -2.776235,1.300271 -2.398707,1.802011" /></g></g></g></g></svg>
6<svg viewBox="-8.0 -4.5 16.0 9.0" xmlns="http://www.w3.org/2000/svg" xmlns:xlink="http://www.w3.org/1999/xlink" version="1.1" preserveAspectRatio="none"><g stroke-width="0.05" transform="scale(1.0, -1.0)"><g><g stroke-width="0.0" fill="#FFFFFF" transform="translate(-8.0, -4.5)" fill-opacity="1.0"><rect width="16.0" height="9.0" /></g><g stroke-width="0.1" stroke="#000000" fill-opacity="0.0"><g><g transform="translate(-4.0, -2.25)"><path stroke-linecap="square" d="M0.0,0.0 L6.122448,0.0" /></g><path d="M-3.0,0.0 C-3.0,0.811520 -2.677779,1.547782 -2.154298,2.087824" /></g></g></g></g></svg>
7<svg viewBox="-8.0 -4.5 16.0 9.0" xmlns="http://www.w3.org/2000/svg" xmlns:xlink="http://www.w3.org/1999/xlink" version="1.1" preserveAspectRatio="none"><g stroke-width="0.05" transform="scale(1.0, -1.0)"><g><g stroke-width="0.0" fill="#FFFFFF" transform="translate(-8.0, -4.5)" fill-opacity="1.0"><rect width="16.0" height="9.0" /></g><g stroke-width="0.1" stroke="#000000" fill-opacity="0.0"><g><g transform="translate(-4.0, -2.25)"><path stroke-linecap="square" d="M0.0,0.0 L7.142857,0.0" /></g><path d="M-3.0,0.0 C-3.0,0.946773 -2.561421,1.791112 -1.876346,2.340933" /></g></g></g></g></svg>
8<svg viewBox="-8.0 -4.5 16.0 9.0" xmlns="http://www.w3.org/2000/svg" xmlns:xlink="http://www.w3.org/1999/xlink" version="1.1" preserveAspectRatio="none"><g stroke-width="0.05" transform="scale(1.0, -1.0)"><g><g stroke-width="0.0" fill="#FFFFFF" transform="translate(-8.0, -4.5)" fill-opacity="1.0"><rect width="16.0" height="9.0" /></g><g stroke-width="0.1" stroke="#000000" fill-opacity="0.0"><g><g transform="translate(-4.0, -2.25)"><path stroke-linecap="square" d="M0.0,0.0 L8.0,0.0 L8.0,0.163265" /></g><path d="M-3.0,0.0 C-3.0,1.082027 -2.427163,2.030261 -1.568211,2.557979" /></g></g></g></g></svg>
9<svg viewBox="-8.0 -4.5 16.0 9.0" xmlns="http://www.w3.org/2000/svg" xmlns:xlink="http://www.w3.org/1999/xlink" version="1.1" preserveAspectRatio="none"><g stroke-width="0.05" transform="scale(1.0, -1.0)"><g><g stroke-width="0.0" fill="#FFFFFF" transform="translate(-8.0, -4.5)" fill-opacity="1.0"><rect width="16.0" height="9.0" /></g><g stroke-width="0.1" stroke="#000000" fill-opacity="0.0"><g><g transform="translate(-4.0, -2.25)"><path stroke-linecap="square" d="M0.0,0.0 L8.0,0.0 L8.0,1.183673" /></g><path d="M-3.0,0.0 C-3.0,1.217280 -2.275003,2.265229 -1.233253,2.735602" /></g></g></g></g></svg>
10<svg viewBox="-8.0 -4.5 16.0 9.0" xmlns="http://www.w3.org/2000/svg" xmlns:xlink="http://www.w3.org/1999/xlink" version="1.1" preserveAspectRatio="none"><g stroke-width="0.05" transform="scale(1.0, -1.0)"><g><g stroke-width="0.0" fill="#FFFFFF" transform="translate(-8.0, -4.5)" fill-opacity="1.0"><rect width="16.0" height="9.0" /></g><g stroke-width="0.1" stroke="#000000" fill-opacity="0.0"><g><g transform="translate(-4.0, -2.25)"><path stroke-linecap="square" d="M0.0,0.0 L8.0,0.0 L8.0,2.204081" /></g><path d="M-3.0,0.0 C-3.0,1.352534 -2.104942,2.496016 -0.874831,2.870441" /></g></g></g></g></svg>
11<svg viewBox="-8.0 -4.5 16.0 9.0" xmlns="http://www.w3.org/2000/svg" xmlns:xlink="http://www.w3.org/1999/xlink" version="1.1" preserveAspectRatio="none"><g stroke-width="0.05" transform="scale(1.0, -1.0)"><g><g stroke-width="0.0" fill="#FFFFFF" transform="translate(-8.0, -4.5)" fill-opacity="1.0"><rect width="16.0" height="9.0" /></g><g stroke-width="0.1" stroke="#000000" fill-opacity="0.0"><g><g transform="translate(-4.0, -2.25)"><path stroke-linecap="square" d="M0.0,0.0 L8.0,0.0 L8.0,3.224489" /></g><path d="M-3.0,0.0 C-3.0,1.487787 -1.916980,2.722622 -0.496307,2.959137" /></g></g></g></g></svg>
12<svg viewBox="-8.0 -4.5 16.0 9.0" xmlns="http://www.w3.org/2000/svg" xmlns:xlink="http://www.w3.org/1999/xlink" version="1.1" preserveAspectRatio="none"><g stroke-width="0.05" transform="scale(1.0, -1.0)"><g><g stroke-width="0.0" fill="#FFFFFF" transform="translate(-8.0, -4.5)" fill-opacity="1.0"><rect width="16.0" height="9.0" /></g><g stroke-width="0.1" stroke="#000000" fill-opacity="0.0"><g><g transform="translate(-4.0, -2.25)"><path stroke-linecap="square" d="M0.0,0.0 L8.0,0.0 L8.0,4.244897" /></g><path d="M-3.0,0.0 C-3.0,1.623040 -1.711117,2.945047 -0.101039,2.998330" /></g></g></g></g></svg>
13<svg viewBox="-8.0 -4.5 16.0 9.0" xmlns="http://www.w3.org/2000/svg" xmlns:xlink="http://www.w3.org/1999/xlink" version="1.1" preserveAspectRatio="none"><g stroke-width="0.05" transform="scale(1.0, -1.0)"><g><g stroke-width="0.0" fill="#FFFFFF" transform="translate(-8.0, -4.5)" fill-opacity="1.0"><rect width="16.0" height="9.0" /></g><g stroke-width="0.1" stroke="#000000" fill-opacity="0.0"><g><g transform="translate(-4.0, -2.25)"><path stroke-linecap="square" d="M0.0,0.0 L8.0,0.0 L8.0,4.5 L7.234693,4.5" /></g><path d="M-3.0,0.0 C-3.0,1.656854 -1.656854,3.0 0.000000,3.0 C0.101440,3.0 0.201704,2.994965 0.300556,2.985132" /></g></g></g></g></svg>
14<svg viewBox="-8.0 -4.5 16.0 9.0" xmlns="http://www.w3.org/2000/svg" xmlns:xlink="http://www.w3.org/1999/xlink" version="1.1" preserveAspectRatio="none"><g stroke-width="0.05" transform="scale(1.0, -1.0)"><g><g stroke-width="0.0" fill="#FFFFFF" transform="translate(-8.0, -4.5)" fill-opacity="1.0"><rect width="16.0" height="9.0" /></g><g stroke-width="0.1" stroke="#000000" fill-opacity="0.0"><g><g transform="translate(-4.0, -2.25)"><path stroke-linecap="square" d="M0.0,0.0 L8.0,0.0 L8.0,4.5 L6.214285,4.5" /></g><path d="M-3.0,0.0 C-3.0,1.656854 -1.656854,3.0 0.000000,3.0 C0.236693,3.0 0.466984,2.972588 0.687872,2.920767" /></g></g></g></g></svg>
15<svg viewBox="-8.0 -4.5 16.0 9.0" xmlns="http://www.w3.org/2000/svg" xmlns:xlink="http://www.w3.org/1999/xlink" version="1.1" preserveAspectRatio="none"><g stroke-width="0.05" transform="scale(1.0, -1.0)"><g><g stroke-width="0.0" fill="#FFFFFF" transform="translate(-8.0, -4.5)" fill-opacity="1.0"><rect width="16.0" height="9.0" /></g><g stroke-width="0.1" stroke="#000000" fill-opacity="0.0"><g><g transform="translate(-4.0, -2.25)"><path stroke-linecap="square" d="M0.0,0.0 L8.0,0.0 L8.0,4.5 L5.193877,4.5" /></g><path d="M-3.0,0.0 C-3.0,1.656854 -1.656854,3.0 0.000000,3.0 C0.371946,2.999999 0.728084,2.932311 1.056765,2.808580" /></g></g></g></g></svg>
16<svg viewBox="-8.0 -4.5 16.0 9.0" xmlns="http://www.w3.org/2000/svg" xmlns:xlink="http://www.w3.org/1999/xlink" version="1.1" preserveAspectRatio="none"><g stroke-width="0.05" transform="scale(1.0, -1.0)"><g><g stroke-width="0.0" fill="#FFFFFF" transform="translate(-8.0, -4.5)" fill-opacity="1.0"><rect width="16.0" height="9.0" /></g><g stroke-width="0.1" stroke="#000000" fill-opacity="0.0"><g><g transform="translate(-4.0, -2.25)"><path stroke-linecap="square" d="M0.0,0.0 L8.0,0.0 L8.0,4.5 L4.173469,4.5" /></g><path d="M-3.0,0.0 C-3.0,1.656854 -1.656854,3.0 0.000000,3.0 C0.507200,3.0 0.985002,2.874132 1.403875,2.651929" /></g></g></g></g></svg>
17<svg viewBox="-8.0 -4.5 16.0 9.0" xmlns="http://www.w3.org/2000/svg" xmlns:xlink="http://www.w3.org/1999/xlink" version="1.1" preserveAspectRatio="none"><g stroke-width="0.05" transform="scale(1.0, -1.0)"><g><g stroke-width="0.0" fill="#FFFFFF" transform="translate(-8.0, -4.5)" fill-opacity="1.0"><rect width="16.0" height="9.0" /></g><g stroke-width="0.1" stroke="#000000" fill-opacity="0.0"><g><g transform="translate(-4.0, -2.25)"><path stroke-linecap="square" d="M0.0,0.0 L8.0,0.0 L8.0,4.5 L3.153061,4.5" /></g><path d="M-3.0,0.0 C-3.0,1.656854 -1.656854,3.0 0.000000,3.0 C0.642453,3.0 1.237740,2.798052 1.725842,2.454174" /></g></g></g></g></svg>
18<svg viewBox="-8.0 -4.5 16.0 9.0" xmlns="http://www.w3.org/2000/svg" xmlns:xlink="http://www.w3.org/1999/xlink" version="1.1" preserveAspectRatio="none"><g stroke-width="0.05" transform="scale(1.0, -1.0)"><g><g stroke-width="0.0" fill="#FFFFFF" transform="translate(-8.0, -4.5)" fill-opacity="1.0"><rect width="16.0" height="9.0" /></g><g stroke-width="0.1" stroke="#000000" fill-opacity="0.0"><g><g transform="translate(-4.0, -2.25)"><path stroke-linecap="square" d="M0.0,0.0 L8.0,0.0 L8.0,4.5 L2.132653,4.5" /></g><path d="M-3.0,0.0 C-3.0,1.656854 -1.656854,3.0 0.000000,3.0 C0.777707,3.0 1.486296,2.704071 2.019305,2.218676" /></g></g></g></g></svg>
19<svg viewBox="-8.0 -4.5 16.0 9.0" xmlns="http://www.w3.org/2000/svg" xmlns:xlink="http://www.w3.org/1999/xlink" version="1.1" preserveAspectRatio="none"><g stroke-width="0.05" transform="scale(1.0, -1.0)"><g><g stroke-width="0.0" fill="#FFFFFF" transform="translate(-8.0, -4.5)" fill-opacity="1.0"><rect width="16.0" height="9.0" /></g><g stroke-width="0.1" stroke="#000000" fill-opacity="0.0"><g><g transform="translate(-4.0, -2.25)"><path stroke-linecap="square" d="M0.0,0.0 L8.0,0.0 L8.0,4.5 L1.112244,4.5" /></g><path d="M-3.0,0.0 C-3.0,1.656854 -1.656854,3.0 0.000000,3.0 C0.912960,3.0 1.730671,2.592189 2.280906,1.948795" /></g></g></g></g></svg>
20<svg viewBox="-8.0 -4.5 16.0 9.0" xmlns="http://www.w3.org/2000/svg" xmlns:xlink="http://www.w3.org/1999/xlink" version="1.1" preserveAspectRatio="none"><g stroke-width="0.05" transform="scale(1.0, -1.0)"><g><g stroke-width="0.0" fill="#FFFFFF" transform="translate(-8.0, -4.5)" fill-opacity="1.0"><rect width="16.0" height="9.0" /></g><g stroke-width="0.1" stroke="#000000" fill-opacity="0.0"><g><g transform="translate(-4.0, -2.25)"><path stroke-linecap="square" d="M0.0,0.0 L8.0,0.0 L8.0,4.5 L0.091836,4.5" /></g><path d="M-3.0,0.0 C-3.0,1.656854 -1.656854,3.0 0.000000,3.0 C1.048213,3.0 1.970866,2.462406 2.507282,1.647891" /></g></g></g></g></svg>
21<svg viewBox="-8.0 -4.5 16.0 9.0" xmlns="http://www.w3.org/2000/svg" xmlns:xlink="http://www.w3.org/1999/xlink" version="1.1" preserveAspectRatio="none"><g stroke-width="0.05" transform="scale(1.0, -1.0)"><g><g stroke-width="0.0" fill="#FFFFFF" transform="translate(-8.0, -4.5)" fill-opacity="1.0"><rect width="16.0" height="9.0" /></g><g stroke-width="0.1" stroke="#000000" fill-opacity="0.0"><g><g transform="translate(-4.0, -2.25)"><path stroke-linecap="square" d="M0.0,0.0 L8.0,0.0 L8.0,4.5 L0.0,4.5 L0.0,3.571428" /></g><path d="M-3.0,0.0 C-3.0,1.656854 -1.656854,3.0 0.000000,3.0 C1.183467,3.0 2.206879,2.314721 2.695076,1.319324" /></g></g></g></g></svg>
22<svg viewBox="-8.0 -4.5 16.0 9.0" xmlns="http://www.w3.org/2000/svg" xmlns:xlink="http://www.w3.org/1999/xlink" version="1.1" preserveAspectRatio="none"><g stroke-width="0.05" transform="scale(1.0, -1.0)"><g><g stroke-width="0.0" fill="#FFFFFF" transform="translate(-8.0, -4.5)" fill-opacity="1.0"><rect width="16.0" height="9.0" /></g><g stroke-width="0.1" stroke="#000000" fill-opacity="0.0"><g><g transform="translate(-4.0, -2.25)"><path stroke-linecap="square" d="M0.0,0.0 L8.0,0.0 L8.0,4.5 L0.0,4.5 L0.0,2.551020" /></g><path d="M-3.0,0.0 C-3.0,1.656854 -1.656854,3.0 0.000000,3.0 C1.318720,3.0 2.438711,2.149135 2.840926,0.966453" /></g></g></g></g></svg>
23<svg viewBox="-8.0 -4.5 16.0 9.0" xmlns="http://www.w3.org/2000/svg" xmlns:xlink="http://www.w3.org/1999/xlink" version="1.1" preserveAspectRatio="none"><g stroke-width="0.05" transform="scale(1.0, -1.0)"><g><g stroke-width="0.0" fill="#FFFFFF" transform="translate(-8.0, -4.5)" fill-opacity="1.0"><rect width="16.0" height="9.0" /></g><g stroke-width="0.1" stroke="#000000" fill-opacity="0.0"><g><g transform="translate(-4.0, -2.25)"><path stroke-linecap="square" d="M0.0,0.0 L8.0,0.0 L8.0,4.5 L0.0,4.5 L0.0,1.530612" /></g><path d="M-3.0,0.0 C-3.0,1.656854 -1.656854,3.0 0.000000,3.0 C1.453974,3.0 2.666362,1.965649 2.941473,0.592639" /></g></g></g></g></svg>
24<svg viewBox="-8.0 -4.5 16.0 9.0" xmlns="http://www.w3.org/2000/svg" xmlns:xlink="http://www.w3.org/1999/xlink" version="1.1" preserveAspectRatio="none"><g stroke-width="0.05" transform="scale(1.0, -1.0)"><g><g stroke-width="0.0" fill="#FFFFFF" transform="translate(-8.0, -4.5)" fill-opacity="1.0"><rect width="16.0" height="9.0" /></g><g stroke-width="0.1" stroke="#000000" fill-opacity="0.0"><g><g transform="translate(-4.0, -2.25)"><path stroke-linecap="square" d="M0.0,0.0 L8.0,0.0 L8.0,4.5 L0.0,4.5 L0.0,0.510204" /></g><path d="M-3.0,0.0 C-3.0,1.656854 -1.656854,3.0 0.000000,3.0 C1.589227,3.0 2.889832,1.764261 2.993357,0.201242" /></g></g></g></g></svg>
25<svg viewBox="-8.0 -4.5 16.0 9.0" xmlns="http://www.w3.org/2000/svg" xmlns:xlink="http://www.w3.org/1999/xlink" version="1.1" preserveAspectRatio="none"><g stroke-width="0.05" transform="scale(1.0, -1.0)"><g><g stroke-width="0.0" fill="#FFFFFF" transform="translate(-8.0, -4.5)" fill-opacity="1.0"><rect width="16.0" height="9.0" /></g><g stroke-width="0.1" stroke="#000000" fill-opacity="0.0"><g><g transform="translate(-4.0, -2.25)"><path stroke-linecap="square" d="M0.0,0.0 L0.510204,0.0" /></g><path d="M-3.0,0.0 C-3.0,1.656854 -1.656854,3.0 0.000000,3.0 C1.656854,3.0 3.0,1.656854 3.0,0.0 C2.999999,-0.067626 2.997762,-0.134730 2.993357,-0.201242" /></g></g></g></g></svg>
26<svg viewBox="-8.0 -4.5 16.0 9.0" xmlns="http://www.w3.org/2000/svg" xmlns:xlink="http://www.w3.org/1999/xlink" version="1.1" preserveAspectRatio="none"><g stroke-width="0.05" transform="scale(1.0, -1.0)"><g><g stroke-width="0.0" fill="#FFFFFF" transform="translate(-8.0, -4.5)" fill-opacity="1.0"><rect width="16.0" height="9.0" /></g><g stroke-width="0.1" stroke="#000000" fill-opacity="0.0"><g><g transform="translate(-4.0, -2.25)"><path stroke-linecap="square" d="M0.0,0.0 L1.530612,0.0" /></g><path d="M-3.0,0.0 C-3.0,1.656854 -1.656854,3.0 0.000000,3.0 C1.656854,3.0 3.0,1.656854 3.0,0.0 C3.000000,-0.202880 2.979861,-0.401056 2.941473,-0.592639" /></g></g></g></g></svg>
27<svg viewBox="-8.0 -4.5 16.0 9.0" xmlns="http://www.w3.org/2000/svg" xmlns:xlink="http://www.w3.org/1999/xlink" version="1.1" preserveAspectRatio="none"><g stroke-width="0.05" transform="scale(1.0, -1.0)"><g><g stroke-width="0.0" fill="#FFFFFF" transform="translate(-8.0, -4.5)" fill-opacity="1.0"><rect width="16.0" height="9.0" /></g><g stroke-width="0.1" stroke="#000000" fill-opacity="0.0"><g><g transform="translate(-4.0, -2.25)"><path stroke-linecap="square" d="M0.0,0.0 L2.551020,0.0" /></g><path d="M-3.0,0.0 C-3.0,1.656854 -1.656854,3.0 0.000000,3.0 C1.656854,3.0 3.0,1.656854 3.0,0.0 C3.0,-0.338133 2.944058,-0.663201 2.840926,-0.966453" /></g></g></g></g></svg>
28<svg viewBox="-8.0 -4.5 16.0 9.0" xmlns="http://www.w3.org/2000/svg" xmlns:xlink="http://www.w3.org/1999/xlink" version="1.1" preserveAspectRatio="none"><g stroke-width="0.05" transform="scale(1.0, -1.0)"><g><g stroke-width="0.0" fill="#FFFFFF" transform="translate(-8.0, -4.5)" fill-opacity="1.0"><rect width="16.0" height="9.0" /></g><g stroke-width="0.1" stroke="#000000" fill-opacity="0.0"><g><g transform="translate(-4.0, -2.25)"><path stroke-linecap="square" d="M0.0,0.0 L3.571428,0.0" /></g><path d="M-3.0,0.0 C-3.0,1.656854 -1.656854,3.0 0.000000,3.0 C1.656854,3.0 3.0,1.656854 3.0,0.0 C3.0,-0.473386 2.890355,-0.921164 2.695076,-1.319324" /></g></g></g></g></svg>
29<svg viewBox="-8.0 -4.5 16.0 9.0" xmlns="http://www.w3.org/2000/svg" xmlns:xlink="http://www.w3.org/1999/xlink" version="1.1" preserveAspectRatio="none"><g stroke-width="0.05" transform="scale(1.0, -1.0)"><g><g stroke-width="0.0" fill="#FFFFFF" transform="translate(-8.0, -4.5)" fill-opacity="1.0"><rect width="16.0" height="9.0" /></g><g stroke-width="0.1" stroke="#000000" fill-opacity="0.0"><g><g transform="translate(-4.0, -2.25)"><path stroke-linecap="square" d="M0.0,0.0 L4.591836,0.0" /></g><path d="M-3.0,0.0 C-3.0,1.656854 -1.656854,3.0 0.000000,3.0 C1.656854,3.0 3.0,1.656854 3.0,0.0 C3.0,-0.608640 2.818750,-1.174947 2.507282,-1.647891" /></g></g></g></g></svg>
30<svg viewBox="-8.0 -4.5 16.0 9.0" xmlns="http://www.w3.org/2000/svg" xmlns:xlink="http://www.w3.org/1999/xlink" version="1.1" preserveAspectRatio="none"><g stroke-width="0.05" transform="scale(1.0, -1.0)"><g><g stroke-width="0.0" fill="#FFFFFF" transform="translate(-8.0, -4.5)" fill-opacity="1.0"><rect width="16.0" height="9.0" /></g><g stroke-width="0.1" stroke="#000000" fill-opacity="0.0"><g><g transform="translate(-4.0, -2.25)"><path stroke-linecap="square" d="M0.0,0.0 L5.612244,0.0" /></g><path d="M-3.0,0.0 C-3.0,1.656854 -1.656854,3.0 0.000000,3.0 C1.656854,3.0 3.0,1.656854 3.0,0.0 C3.0,-0.743893 2.729245,-1.424549 2.280906,-1.948795" /></g></g></g></g></svg>
31<svg viewBox="-8.0 -4.5 16.0 9.0" xmlns="http://www.w3.org/2000/svg" xmlns:xlink="http://www.w3.org/1999/xlink" version="1.1" preserveAspectRatio="none"><g stroke-width="0.05" transform="scale(1.0, -1.0)"><g><g stroke-width="0.0" fill="#FFFFFF" transform="translate(-8.0, -4.5)" fill-opacity="1.0"><rect width="16.0" height="9.0" /></g><g stroke-width="0.1" stroke="#000000" fill-opacity="0.0"><g><g transform="translate(-4.0, -2.25)"><path stroke-linecap="square" d="M0.0,0.0 L6.632653,0.0" /></g><path d="M-3.0,0.0 C-3.0,1.656854 -1.656854,3.0 0.000000,3.0 C1.656854,3.0 3.0,1.656854 3.0,0.0 C3.0,-0.879147 2.621838,-1.669969 2.019305,-2.218676" /></g></g></g></g></svg>
32<svg viewBox="-8.0 -4.5 16.0 9.0" xmlns="http://www.w3.org/2000/svg" xmlns:xlink="http://www.w3.org/1999/xlink" version="1.1" preserveAspectRatio="none"><g stroke-width="0.05" transform="scale(1.0, -1.0)"><g><g stroke-width="0.0" fill="#FFFFFF" transform="translate(-8.0, -4.5)" fill-opacity="1.0"><rect width="16.0" height="9.0" /></g><g stroke-width="0.1" stroke="#000000" fill-opacity="0.0"><g><g transform="translate(-4.0, -2.25)"><path stroke-linecap="square" d="M0.0,0.0 L7.653061,0.0" /></g><path d="M-3.0,0.0 C-3.0,1.656854 -1.656854,3.0 0.000000,3.0 C1.656854,3.0 3.0,1.656854 3.0,0.0 C3.0,-1.014400 2.496530,-1.911209 1.725842,-2.454174" /></g></g></g></g></svg>
33<svg viewBox="-8.0 -4.5 16.0 9.0" xmlns="http://www.w3.org/2000/svg" xmlns:xlink="http://www.w3.org/1999/xlink" version="1.1" preserveAspectRatio="none"><g stroke-width="0.05" transform="scale(1.0, -1.0)"><g><g stroke-width="0.0" fill="#FFFFFF" transform="translate(-8.0, -4.5)" fill-opacity="1.0"><rect width="16.0" height="9.0" /></g><g stroke-width="0.1" stroke="#000000" fill-opacity="0.0"><g><g transform="translate(-4.0, -2.25)"><path stroke-linecap="square" d="M0.0,0.0 L8.0,0.0 L8.0,0.673469" /></g><path d="M-3.0,0.0 C-3.0,1.656854 -1.656854,3.0 0.000000,3.0 C1.656854,3.0 3.0,1.656854 3.0,0.0 C3.0,-1.149653 2.353320,-2.148267 1.403875,-2.651929" /></g></g></g></g></svg>
34<svg viewBox="-8.0 -4.5 16.0 9.0" xmlns="http://www.w3.org/2000/svg" xmlns:xlink="http://www.w3.org/1999/xlink" version="1.1" preserveAspectRatio="none"><g stroke-width="0.05" transform="scale(1.0, -1.0)"><g><g stroke-width="0.0" fill="#FFFFFF" transform="translate(-8.0, -4.5)" fill-opacity="1.0"><rect width="16.0" height="9.0" /></g><g stroke-width="0.1" stroke="#000000" fill-opacity="0.0"><g><g transform="translate(-4.0, -2.25)"><path stroke-linecap="square" d="M0.0,0.0 L8.0,0.0 L8.0,1.693877" /></g><path d="M-3.0,0.0 C-3.0,1.656854 -1.656854,3.0 0.000000,3.0 C1.656854,3.0 3.0,1.656854 3.0,0.0 C3.0,-1.284907 2.192210,-2.381145 1.056765,-2.808580" /></g></g></g></g></svg>
35<svg viewBox="-8.0 -4.5 16.0 9.0" xmlns="http://www.w3.org/2000/svg" xmlns:xlink="http://www.w3.org/1999/xlink" version="1.1" preserveAspectRatio="none"><g stroke-width="0.05" transform="scale(1.0, -1.0)"><g><g stroke-width="0.0" fill="#FFFFFF" transform="translate(-8.0, -4.5)" fill-opacity="1.0"><rect width="16.0" height="9.0" /></g><g stroke-width="0.1" stroke="#000000" fill-opacity="0.0"><g><g transform="translate(-4.0, -2.25)"><path stroke-linecap="square" d="M0.0,0.0 L8.0,0.0 L8.0,2.714285" /></g><path d="M-3.0,0.0 C-3.0,1.656854 -1.656854,3.0 0.000000,3.0 C1.656854,3.0 3.0,1.656854 3.0,0.0 C3.0,-1.420160 2.013199,-2.609841 0.687872,-2.920767" /></g></g></g></g></svg>
36<svg viewBox="-8.0 -4.5 16.0 9.0" xmlns="http://www.w3.org/2000/svg" xmlns:xlink="http://www.w3.org/1999/xlink" version="1.1" preserveAspectRatio="none"><g stroke-width="0.05" transform="scale(1.0, -1.0)"><g><g stroke-width="0.0" fill="#FFFFFF" transform="translate(-8.0, -4.5)" fill-opacity="1.0"><rect width="16.0" height="9.0" /></g><g stroke-width="0.1" stroke="#000000" fill-opacity="0.0"><g><g transform="translate(-4.0, -2.25)"><path stroke-linecap="square" d="M0.0,0.0 L8.0,0.0 L8.0,3.734693" /></g><path d="M-3.0,0.0 C-3.0,1.656854 -1.656854,3.0 0.000000,3.0 C1.656854,3.0 3.0,1.656854 3.0,0.0 C3.0,-1.555414 1.816286,-2.834357 0.300556,-2.985132" /></g></g></g></g></svg>
37<svg viewBox="-8.0 -4.5 16.0 9.0" xmlns="http://www.w3.org/2000/svg" xmlns:xlink="http://www.w3.org/1999/xlink" version="1.1" preserveAspectRatio="none"><g stroke-width="0.05" transform="scale(1.0, -1.0)"><g><g stroke-width="0.0" fill="#FFFFFF" transform="translate(-8.0, -4.5)" fill-opacity="1.0"><rect width="16.0" height="9.0" /></g><g stroke-width="0.1" stroke="#000000" fill-opacity="0.0"><g><g transform="translate(-4.0, -2.25)"><path stroke-linecap="square" d="M0.0,0.0 L8.0,0.0 L8.0,4.5 L7.744897,4.5" /></g><path d="M-3.0,0.0 C-3.0,1.656854 -1.656854,3.0 0.000000,3.0 C1.656854,3.0 3.0,1.656854 3.0,0.0 C3.0,-1.656854 1.656854,-3.0 0.000000,-3.0 C-0.033813,-3.0 -0.067496,-2.999440 -0.101039,-2.998330" /></g></g></g></g></svg>
38<svg viewBox="-8.0 -4.5 16.0 9.0" xmlns="http://www.w3.org/2000/svg" xmlns:xlink="http://www.w3.org/1999/xlink" version="1.1" preserveAspectRatio="none"><g stroke-width="0.05" transform="scale(1.0, -1.0)"><g><g stroke-width="0.0" fill="#FFFFFF" transform="translate(-8.0, -4.5)" fill-opacity="1.0"><rect width="16.0" height="9.0" /></g><g stroke-width="0.1" stroke="#000000" fill-opacity="0.0"><g><g transform="translate(-4.0, -2.25)"><path stroke-linecap="square" d="M0.0,0.0 L8.0,0.0 L8.0,4.5 L6.724489,4.5" /></g><path d="M-3.0,0.0 C-3.0,1.656854 -1.656854,3.0 0.000000,3.0 C1.656854,3.0 3.0,1.656854 3.0,0.0 C3.0,-1.656854 1.656854,-3.0 0.000000,-3.0 C-0.169066,-3.0 -0.334867,-2.986014 -0.496307,-2.959137" /></g></g></g></g></svg>
39<svg viewBox="-8.0 -4.5 16.0 9.0" xmlns="http://www.w3.org/2000/svg" xmlns:xlink="http://www.w3.org/1999/xlink" version="1.1" preserveAspectRatio="none"><g stroke-width="0.05" transform="scale(1.0, -1.0)"><g><g stroke-width="0.0" fill="#FFFFFF" transform="translate(-8.0, -4.5)" fill-opacity="1.0"><rect width="16.0" height="9.0" /></g><g stroke-width="0.1" stroke="#000000" fill-opacity="0.0"><g><g transform="translate(-4.0, -2.25)"><path stroke-linecap="square" d="M0.0,0.0 L8.0,0.0 L8.0,4.5 L5.704081,4.5" /></g><path d="M-3.0,0.0 C-3.0,1.656854 -1.656854,3.0 0.000000,3.0 C1.656854,3.0 3.0,1.656854 3.0,0.0 C3.0,-1.656854 1.656854,-3.0 0.000000,-3.0 C-0.304320,-3.0 -0.598057,-2.954687 -0.874831,-2.870441" /></g></g></g></g></svg>
40<svg viewBox="-8.0 -4.5 16.0 9.0" xmlns="http://www.w3.org/2000/svg" xmlns:xlink="http://www.w3.org/1999/xlink" version="1.1" preserveAspectRatio="none"><g stroke-width="0.05" transform="scale(1.0, -1.0)"><g><g stroke-width="0.0" fill="#FFFFFF" transform="translate(-8.0, -4.5)" fill-opacity="1.0"><rect width="16.0" height="9.0" /></g><g stroke-width="0.1" stroke="#000000" fill-opacity="0.0"><g><g transform="translate(-4.0, -2.25)"><path stroke-linecap="square" d="M0.0,0.0 L8.0,0.0 L8.0,4.5 L4.683673,4.5" /></g><path d="M-3.0,0.0 C-3.0,1.656854 -1.656854,3.0 0.000000,3.0 C1.656854,3.0 3.0,1.656854 3.0,0.0 C3.0,-1.656854 1.656854,-3.0 0.000000,-3.0 C-0.439573,-3.0 -0.857066,-2.905459 -1.233253,-2.735602" /></g></g></g></g></svg>
41<svg viewBox="-8.0 -4.5 16.0 9.0" xmlns="http://www.w3.org/2000/svg" xmlns:xlink="http://www.w3.org/1999/xlink" version="1.1" preserveAspectRatio="none"><g stroke-width="0.05" transform="scale(1.0, -1.0)"><g><g stroke-width="0.0" fill="#FFFFFF" transform="translate(-8.0, -4.5)" fill-opacity="1.0"><rect width="16.0" height="9.0" /></g><g stroke-width="0.1" stroke="#000000" fill-opacity="0.0"><g><g transform="translate(-4.0, -2.25)"><path stroke-linecap="square" d="M0.0,0.0 L8.0,0.0 L8.0,4.5 L3.663265,4.5" /></g><path d="M-3.0,0.0 C-3.0,1.656854 -1.656854,3.0 0.000000,3.0 C1.656854,3.0 3.0,1.656854 3.0,0.0 C3.0,-1.656854 1.656854,-3.0 0.000000,-3.0 C-0.574826,-3.0 -1.111893,-2.838330 -1.568211,-2.557979" /></g></g></g></g></svg>
42<svg viewBox="-8.0 -4.5 16.0 9.0" xmlns="http://www.w3.org/2000/svg" xmlns:xlink="http://www.w3.org/1999/xlink" version="1.1" preserveAspectRatio="none"><g stroke-width="0.05" transform="scale(1.0, -1.0)"><g><g stroke-width="0.0" fill="#FFFFFF" transform="translate(-8.0, -4.5)" fill-opacity="1.0"><rect width="16.0" height="9.0" /></g><g stroke-width="0.1" stroke="#000000" fill-opacity="0.0"><g><g transform="translate(-4.0, -2.25)"><path stroke-linecap="square" d="M0.0,0.0 L8.0,0.0 L8.0,4.5 L2.642857,4.5" /></g><path d="M-3.0,0.0 C-3.0,1.656854 -1.656854,3.0 0.000000,3.0 C1.656854,3.0 3.0,1.656854 3.0,0.0 C3.0,-1.656854 1.656854,-3.0 0.000000,-3.0 C-0.710080,-3.0 -1.362540,-2.753299 -1.876346,-2.340933" /></g></g></g></g></svg>
43<svg viewBox="-8.0 -4.5 16.0 9.0" xmlns="http://www.w3.org/2000/svg" xmlns:xlink="http://www.w3.org/1999/xlink" version="1.1" preserveAspectRatio="none"><g stroke-width="0.05" transform="scale(1.0, -1.0)"><g><g stroke-width="0.0" fill="#FFFFFF" transform="translate(-8.0, -4.5)" fill-opacity="1.0"><rect width="16.0" height="9.0" /></g><g stroke-width="0.1" stroke="#000000" fill-opacity="0.0"><g><g transform="translate(-4.0, -2.25)"><path stroke-linecap="square" d="M0.0,0.0 L8.0,0.0 L8.0,4.5 L1.622448,4.5" /></g><path d="M-3.0,0.0 C-3.0,1.656854 -1.656854,3.0 0.000000,3.0 C1.656854,3.0 3.0,1.656854 3.0,0.0 C3.0,-1.656854 1.656854,-3.0 0.000000,-3.0 C-0.845333,-3.0 -1.609006,-2.650368 -2.154298,-2.087824" /></g></g></g></g></svg>
44<svg viewBox="-8.0 -4.5 16.0 9.0" xmlns="http://www.w3.org/2000/svg" xmlns:xlink="http://www.w3.org/1999/xlink" version="1.1" preserveAspectRatio="none"><g stroke-width="0.05" transform="scale(1.0, -1.0)"><g><g stroke-width="0.0" fill="#FFFFFF" transform="translate(-8.0, -4.5)" fill-opacity="1.0"><rect width="16.0" height="9.0" /></g><g stroke-width="0.1" stroke="#000000" fill-opacity="0.0"><g><g transform="translate(-4.0, -2.25)"><path stroke-linecap="square" d="M0.0,0.0 L8.0,0.0 L8.0,4.5 L0.602040,4.5" /></g><path d="M-3.0,0.0 C-3.0,1.656854 -1.656854,3.0 0.000000,3.0 C1.656854,3.0 3.0,1.656854 3.0,0.0 C3.0,-1.656854 1.656854,-3.0 0.000000,-3.0 C-0.980587,-3.0 -1.851291,-2.529535 -2.398707,-1.802011" /></g></g></g></g></svg>
45<svg viewBox="-8.0 -4.5 16.0 9.0" xmlns="http://www.w3.org/2000/svg" xmlns:xlink="http://www.w3.org/1999/xlink" version="1.1" preserveAspectRatio="none"><g stroke-width="0.05" transform="scale(1.0, -1.0)"><g><g stroke-width="0.0" fill="#FFFFFF" transform="translate(-8.0, -4.5)" fill-opacity="1.0"><rect width="16.0" height="9.0" /></g><g stroke-width="0.1" stroke="#000000" fill-opacity="0.0"><g><g transform="translate(-4.0, -2.25)"><path stroke-linecap="square" d="M0.0,0.0 L8.0,0.0 L8.0,4.5 L0.0,4.5 L0.0,4.081632" /></g><path d="M-3.0,0.0 C-3.0,1.656854 -1.656854,3.0 0.000000,3.0 C1.656854,3.0 3.0,1.656854 3.0,0.0 C3.0,-1.656854 1.656854,-3.0 0.000000,-3.0 C-1.115840,-3.0 -2.089395,-2.390801 -2.606212,-1.486855" /></g></g></g></g></svg>
46<svg viewBox="-8.0 -4.5 16.0 9.0" xmlns="http://www.w3.org/2000/svg" xmlns:xlink="http://www.w3.org/1999/xlink" version="1.1" preserveAspectRatio="none"><g stroke-width="0.05" transform="scale(1.0, -1.0)"><g><g stroke-width="0.0" fill="#FFFFFF" transform="translate(-8.0, -4.5)" fill-opacity="1.0"><rect width="16.0" height="9.0" /></g><g stroke-width="0.1" stroke="#000000" fill-opacity="0.0"><g><g transform="translate(-4.0, -2.25)"><path stroke-linecap="square" d="M0.0,0.0 L8.0,0.0 L8.0,4.5 L0.0,4.5 L0.0,3.061224" /></g><path d="M-3.0,0.0 C-3.0,1.656854 -1.656854,3.0 0.000000,3.0 C1.656854,3.0 3.0,1.656854 3.0,0.0 C3.0,-1.656854 1.656854,-3.0 0.000000,-3.0 C-1.251094,-3.0 -2.323318,-2.234166 -2.773454,-1.145716" /></g></g></g></g></svg>
47<svg viewBox="-8.0 -4.5 16.0 9.0" xmlns="http://www.w3.org/2000/svg" xmlns:xlink="http://www.w3.org/1999/xlink" version="1.1" preserveAspectRatio="none"><g stroke-width="0.05" transform="scale(1.0, -1.0)"><g><g stroke-width="0.0" fill="#FFFFFF" transform="translate(-8.0, -4.5)" fill-opacity="1.0"><rect width="16.0" height="9.0" /></g><g stroke-width="0.1" stroke="#000000" fill-opacity="0.0"><g><g transform="translate(-4.0, -2.25)"><path stroke-linecap="square" d="M0.0,0.0 L8.0,0.0 L8.0,4.5 L0.0,4.5 L0.0,2.040816" /></g><path d="M-3.0,0.0 C-3.0,1.656854 -1.656854,3.0 0.000000,3.0 C1.656854,3.0 3.0,1.656854 3.0,0.0 C3.0,-1.656854 1.656854,-3.0 0.000000,-3.0 C-1.386347,-3.0 -2.553059,-2.059630 -2.897073,-0.781954" /></g></g></g></g></svg>
48<svg viewBox="-8.0 -4.5 16.0 9.0" xmlns="http://www.w3.org/2000/svg" xmlns:xlink="http://www.w3.org/1999/xlink" version="1.1" preserveAspectRatio="none"><g stroke-width="0.05" transform="scale(1.0, -1.0)"><g><g stroke-width="0.0" fill="#FFFFFF" transform="translate(-8.0, -4.5)" fill-opacity="1.0"><rect width="16.0" height="9.0" /></g><g stroke-width="0.1" stroke="#000000" fill-opacity="0.0"><g><g transform="translate(-4.0, -2.25)"><path stroke-linecap="square" d="M0.0,0.0 L8.0,0.0 L8.0,4.5 L0.0,4.5 L0.0,1.020408" /></g><path d="M-3.0,0.0 C-3.0,1.656854 -1.656854,3.0 0.000000,3.0 C1.656854,3.0 3.0,1.656854 3.0,0.0 C3.0,-1.656854 1.656854,-3.0 0.000000,-3.0 C-1.521600,-3.0 -2.778620,-1.867192 -2.973708,-0.398928" /></g></g></g></g></svg>
49<svg viewBox="-8.0 -4.5 16.0 9.0" xmlns="http://www.w3.org/2000/svg" xmlns:xlink="http://www.w3.org/1999/xlink" version="1.1" preserveAspectRatio="none"><g stroke-width="0.05" transform="scale(1.0, -1.0)"><g><g stroke-width="0.0" fill="#FFFFFF" transform="translate(-8.0, -4.5)" fill-opacity="1.0"><rect width="16.0" height="9.0" /></g><g stroke-width="0.1" stroke="#000000" fill-opacity="0.0"><g><g transform="translate(-4.0, -2.25)"><path stroke-linecap="square" d="M0.0,0.0 L8.0,0.0 L8.0,4.5 L0.0,4.5 L0.0,0.000000" /></g><path d="M-3.0,0.0 C-3.0,1.656854 -1.656854,3.0 0.000000,3.0 C1.656854,3.0 3.0,1.656854 3.0,0.0 C3.0,-1.656854 1.656854,-3.0 0.000000,-3.0 C-1.656854,-3.0 -2.999999,-1.656854 -3.0,-0.000000" /></g></g></g></g></svg>
