0<svg viewBox="-8.0 -4.5 16.0 9.0" xmlns="http://www.w3.org/2000/svg" xmlns:xlink="http://www.w3.org/1999/xlink" version="1.1"><g stroke-width="0.05" transform="scale(1.0, -1.0)"><g><g fill="#000000" transform="translate(-160.0, -90.0)"><rect width="320.0" height="180.0" /></g><line stroke-width="0.01" stroke="#FFFFFF" x1="-8.0" x2="8.0" y2="-4.5" /><g><g transform="translate(0.0, 4.5)"><g transform="rotate(0.0)"><g fill="#FFFFFF"><circle r="1.0" /><line stroke="#000000" y2="1.0" /></g></g></g></g></g></g></svg>
1<svg viewBox="-8.0 -4.5 16.0 9.0" xmlns="http://www.w3.org/2000/svg" xmlns:xlink="http://www.w3.org/1999/xlink" version="1.1"><g stroke-width="0.05" transform="scale(1.0, -1.0)"><g><g fill="#000000" transform="translate(-160.0, -90.0)"><rect width="320.0" height="180.0" /></g><line stroke-width="0.01" stroke="#FFFFFF" x1="-8.0" x2="8.0" y2="-4.5" /><g><g transform="translate(0.0, 4.467592)"><g transform="rotate(0.0)"><g fill="#FFFFFF"><circle r="1.0" /><line stroke="#000000" y2="1.0" /></g></g></g></g></g></g></svg>
2<svg viewBox="-8.0 -4.5 16.0 9.0" xmlns="http://www.w3.org/2000/svg" xmlns:xlink="http://www.w3.org/1999/xlink" version="1.1"><g stroke-width="0.05" transform="scale(1.0, -1.0)"><g><g fill="#000000" transform="translate(-160.0, -90.0)"><rect width="320.0" height="180.0" /></g><line stroke-width="0.01" stroke="#FFFFFF" x1="-8.0" x2="8.0" y2="-4.5" /><g><g transform="translate(0.0, 4.365740)"><g transform="rotate(0.0)"><g fill="#FFFFFF"><circle r="1.0" /><line stroke="#000000" y2="1.0" /></g></g></g></g></g></g></svg>
3<svg viewBox="-8.0 -4.5 16.0 9.0" xmlns="http://www.w3.org/2000/svg" xmlns:xlink="http://www.w3.org/1999/xlink" version="1.1"><g stroke-width="0.05" transform="scale(1.0, -1.0)"><g><g fill="#000000" transform="translate(-160.0, -90.0)"><rect width="320.0" height="180.0" /></g><line stroke-width="0.01" stroke="#FFFFFF" x1="-8.0" x2="8.0" y2="-4.5" /><g><g transform="translate(0.0, 4.194444)"><g transform="rotate(0.0)"><g fill="#FFFFFF"><circle r="1.0" /><line stroke="#000000" y2="1.0" /></g></g></g></g></g></g></svg>
4<svg viewBox="-8.0 -4.5 16.0 9.0" xmlns="http://www.w3.org/2000/svg" xmlns:xlink="http://www.w3.org/1999/xlink" version="1.1"><g stroke-width="0.05" transform="scale(1.0, -1.0)"><g><g fill="#000000" transform="translate(-160.0, -90.0)"><rect width="320.0" height="180.0" /></g><line stroke-width="0.01" stroke="#FFFFFF" x1="-8.0" x2="8.0" y2="-4.5" /><g><g transform="translate(0.0, 3.953703)"><g transform="rotate(0.0)"><g fill="#FFFFFF"><circle r="1.0" /><line stroke="#000000" y2="1.0" /></g></g></g></g></g></g></svg>
5<svg viewBox="-8.0 -4.5 16.0 9.0" xmlns="http://www.w3.org/2000/svg" xmlns:xlink="http://www.w3.org/1999/xlink" version="1.1"><g stroke-width="0.05" transform="scale(1.0, -1.0)"><g><g fill="#000000" transform="translate(-160.0, -90.0)"><rect width="320.0" height="180.0" /></g><line stroke-width="0.01" stroke="#FFFFFF" x1="-8.0" x2="8.0" y2="-4.5" /><g><g transform="translate(0.0, 3.711111)"><g transform="rotate(0.0)"><g fill="#FFFFFF"><circle r="1.0" /><line stroke="#000000" y2="1.0" /></g></g></g></g></g></g></svg>
6<svg viewBox="-8.0 -4.5 16.0 9.0" xmlns="http://www.w3.org/2000/svg" xmlns:xlink="http://www.w3.org/1999/xlink" version="1.1"><g stroke-width="0.05" transform="scale(1.0, -1.0)"><g><g fill="#000000" transform="translate(-160.0, -90.0)"><rect width="320.0" height="180.0" /></g><line stroke-width="0.01" stroke="#FFFFFF" x1="-8.0" x2="8.0" y2="-4.5" /><g><g transform="translate(0.0, 3.345370)"><g transform="rotate(0.0)"><g fill="#FFFFFF"><circle r="1.0" /><line stroke="#000000" y2="1.0" /></g></g></g></g></g></g></svg>
7<svg viewBox="-8.0 -4.5 16.0 9.0" xmlns="http://www.w3.org/2000/svg" xmlns:xlink="http://www.w3.org/1999/xlink" version="1.1"><g stroke-width="0.05" transform="scale(1.0, -1.0)"><g><g fill="#000000" transform="translate(-160.0, -90.0)"><rect width="320.0" height="180.0" /></g><line stroke-width="0.01" stroke="#FFFFFF" x1="-8.0" x2="8.0" y2="-4.5" /><g><g transform="translate(0.0, 2.910185)"><g transform="rotate(0.0)"><g fill="#FFFFFF"><circle r="1.0" /><line stroke="#000000" y2="1.0" /></g></g></g></g></g></g></svg>
8<svg viewBox="-8.0 -4.5 16.0 9.0" xmlns="http://www.w3.org/2000/svg" xmlns:xlink="http://www.w3.org/1999/xlink" version="1.1"><g stroke-width="0.05" transform="scale(1.0, -1.0)"><g><g fill="#000000" transform="translate(-160.0, -90.0)"><rect width="320.0" height="180.0" /></g><line stroke-width="0.01" stroke="#FFFFFF" x1="-8.0" x2="8.0" y2="-4.5" /><g><g transform="translate(0.0, 2.405555)"><g transform="rotate(0.0)"><g fill="#FFFFFF"><circle r="1.0" /><line stroke="#000000" y2="1.0" /></g></g></g></g></g></g></svg>
9<svg viewBox="-8.0 -4.5 16.0 9.0" xmlns="http://www.w3.org/2000/svg" xmlns:xlink="http://www.w3.org/1999/xlink" version="1.1"><g stroke-width="0.05" transform="scale(1.0, -1.0)"><g><g fill="#000000" transform="translate(-160.0, -90.0)"><rect width="320.0" height="180.0" /></g><line stroke-width="0.01" stroke="#FFFFFF" x1="-8.0" x2="8.0" y2="-4.5" /><g><g transform="translate(0.0, 1.831481)"><g transform="rotate(0.0)"><g fill="#FFFFFF"><circle r="1.0" /><line stroke="#000000" y2="1.0" /></g></g></g></g></g></g></svg>
10<svg viewBox="-8.0 -4.5 16.0 9.0" xmlns="http://www.w3.org/2000/svg" xmlns:xlink="http://www.w3.org/1999/xlink" version="1.1"><g stroke-width="0.05" transform="scale(1.0, -1.0)"><g><g fill="#000000" transform="translate(-160.0, -90.0)"><rect width="320.0" height="180.0" /></g><line stroke-width="0.01" stroke="#FFFFFF" x1="-8.0" x2="8.0" y2="-4.5" /><g><g transform="translate(0.0, 1.187962)"><g transform="rotate(0.0)"><g fill="#FFFFFF"><circle r="1.0" /><line stroke="#000000" y2="1.0" /></g></g></g></g></g></g></svg>
11<svg viewBox="-8.0 -4.5 16.0 9.0" xmlns="http://www.w3.org/2000/svg" xmlns:xlink="http://www.w3.org/1999/xlink" version="1.1"><g stroke-width="0.05" transform="scale(1.0, -1.0)"><g><g fill="#000000" transform="translate(-160.0, -90.0)"><rect width="320.0" height="180.0" /></g><line stroke-width="0.01" stroke="#FFFFFF" x1="-8.0" x2="8.0" y2="-4.5" /><g><g transform="translate(0.0, 0.475000)"><g transform="rotate(0.0)"><g fill="#FFFFFF"><circle r="1.0" /><line stroke="#000000" y2="1.0" /></g></g></g></g></g></g></svg>
12<svg viewBox="-8.0 -4.5 16.0 9.0" xmlns="http://www.w3.org/2000/svg" xmlns:xlink="http://www.w3.org/1999/xlink" version="1.1"><g stroke-width="0.05" transform="scale(1.0, -1.0)"><g><g fill="#000000" transform="translate(-160.0, -90.0)"><rect width="320.0" height="180.0" /></g><line stroke-width="0.01" stroke="#FFFFFF" x1="-8.0" x2="8.0" y2="-4.5" /><g><g transform="translate(0.0, -0.307407)"><g transform="rotate(0.0)"><g fill="#FFFFFF"><circle r="1.0" /><line stroke="#000000" y2="1.0" /></g></g></g></g></g></g></svg>
13<svg viewBox="-8.0 -4.5 16.0 9.0" xmlns="http://www.w3.org/2000/svg" xmlns:xlink="http://www.w3.org/1999/xlink" version="1.1"><g stroke-width="0.05" transform="scale(1.0, -1.0)"><g><g fill="#000000" transform="translate(-160.0, -90.0)"><rect width="320.0" height="180.0" /></g><line stroke-width="0.01" stroke="#FFFFFF" x1="-8.0" x2="8.0" y2="-4.5" /><g><g transform="translate(0.0, -1.159259)"><g transform="rotate(0.0)"><g fill="#FFFFFF"><circle r="1.0" /><line stroke="#000000" y2="1.0" /></g></g></g></g></g></g></svg>
14<svg viewBox="-8.0 -4.5 16.0 9.0" xmlns="http://www.w3.org/2000/svg" xmlns:xlink="http://www.w3.org/1999/xlink" version="1.1"><g stroke-width="0.05" transform="scale(1.0, -1.0)"><g><g fill="#000000" transform="translate(-160.0, -90.0)"><rect width="320.0" height="180.0" /></g><line stroke-width="0.01" stroke="#FFFFFF" x1="-8.0" x2="8.0" y2="-4.5" /><g><g transform="translate(0.149783, -1.260645)"><g transform="rotate(-8.914945)"><g fill="#FFFFFF"><circle r="1.0" /><line stroke="#000000" y2="1.0" /></g></g></g></g></g></g></svg>
15<svg viewBox="-8.0 -4.5 16.0 9.0" xmlns="http://www.w3.org/2000/svg" xmlns:xlink="http://www.w3.org/1999/xlink" version="1.1"><g stroke-width="0.05" transform="scale(1.0, -1.0)"><g><g fill="#000000" transform="translate(-160.0, -90.0)"><rect width="320.0" height="180.0" /></g><line stroke-width="0.01" stroke="#FFFFFF" x1="-8.0" x2="8.0" y2="-4.5" /><g><g transform="translate(0.286535, -1.299106)"><g transform="rotate(-17.054261)"><g fill="#FFFFFF"><circle r="1.0" /><line stroke="#000000" y2="1.0" /></g></g></g></g></g></g></svg>
16<svg viewBox="-8.0 -4.5 16.0 9.0" xmlns="http://www.w3.org/2000/svg" xmlns:xlink="http://www.w3.org/1999/xlink" version="1.1"><g stroke-width="0.05" transform="scale(1.0, -1.0)"><g><g fill="#000000" transform="translate(-160.0, -90.0)"><rect width="320.0" height="180.0" /></g><line stroke-width="0.01" stroke="#FFFFFF" x1="-8.0" x2="8.0" y2="-4.5" /><g><g transform="translate(0.468335, -1.350237)"><g transform="rotate(-27.874763)"><g fill="#FFFFFF"><circle r="1.0" /><line stroke="#000000" y2="1.0" /></g></g></g></g></g></g></svg>
17<svg viewBox="-8.0 -4.5 16.0 9.0" xmlns="http://www.w3.org/2000/svg" xmlns:xlink="http://www.w3.org/1999/xlink" version="1.1"><g stroke-width="0.05" transform="scale(1.0, -1.0)"><g><g fill="#000000" transform="translate(-160.0, -90.0)"><rect width="320.0" height="180.0" /></g><line stroke-width="0.01" stroke="#FFFFFF" x1="-8.0" x2="8.0" y2="-4.5" /><g><g transform="translate(0.662202, -1.404762)"><g transform="rotate(-39.413441)"><g fill="#FFFFFF"><circle r="1.0" /><line stroke="#000000" y2="1.0" /></g></g></g></g></g></g></svg>
18<svg viewBox="-8.0 -4.5 16.0 9.0" xmlns="http://www.w3.org/2000/svg" xmlns:xlink="http://www.w3.org/1999/xlink" version="1.1"><g stroke-width="0.05" transform="scale(1.0, -1.0)"><g><g fill="#000000" transform="translate(-160.0, -90.0)"><rect width="320.0" height="180.0" /></g><line stroke-width="0.01" stroke="#FFFFFF" x1="-8.0" x2="8.0" y2="-4.5" /><g><g transform="translate(0.868134, -1.462681)"><g transform="rotate(-51.670293)"><g fill="#FFFFFF"><circle r="1.0" /><line stroke="#000000" y2="1.0" /></g></g></g></g></g></g></svg>
19<svg viewBox="-8.0 -4.5 16.0 9.0" xmlns="http://www.w3.org/2000/svg" xmlns:xlink="http://www.w3.org/1999/xlink" version="1.1"><g stroke-width="0.05" transform="scale(1.0, -1.0)"><g><g fill="#000000" transform="translate(-160.0, -90.0)"><rect width="320.0" height="180.0" /></g><line stroke-width="0.01" stroke="#FFFFFF" x1="-8.0" x2="8.0" y2="-4.5" /><g><g transform="translate(1.086133, -1.523993)"><g transform="rotate(-64.645320)"><g fill="#FFFFFF"><circle r="1.0" /><line stroke="#000000" y2="1.0" /></g></g></g></g></g></g></svg>
20<svg viewBox="-8.0 -4.5 16.0 9.0" xmlns="http://www.w3.org/2000/svg" xmlns:xlink="http://www.w3.org/1999/xlink" version="1.1"><g stroke-width="0.05" transform="scale(1.0, -1.0)"><g><g fill="#000000" transform="translate(-160.0, -90.0)"><rect width="320.0" height="180.0" /></g><line stroke-width="0.01" stroke="#FFFFFF" x1="-8.0" x2="8.0" y2="-4.5" /><g><g transform="translate(1.316199, -1.588699)"><g transform="rotate(-78.338523)"><g fill="#FFFFFF"><circle r="1.0" /><line stroke="#000000" y2="1.0" /></g></g></g></g></g></g></svg>
21<svg viewBox="-8.0 -4.5 16.0 9.0" xmlns="http://www.w3.org/2000/svg" xmlns:xlink="http://www.w3.org/1999/xlink" version="1.1"><g stroke-width="0.05" transform="scale(1.0, -1.0)"><g><g fill="#000000" transform="translate(-160.0, -90.0)"><rect width="320.0" height="180.0" /></g><line stroke-width="0.01" stroke="#FFFFFF" x1="-8.0" x2="8.0" y2="-4.5" /><g><g transform="translate(1.558330, -1.656799)"><g transform="rotate(-92.749900)"><g fill="#FFFFFF"><circle r="1.0" /><line stroke="#000000" y2="1.0" /></g></g></g></g></g></g></svg>
22<svg viewBox="-8.0 -4.5 16.0 9.0" xmlns="http://www.w3.org/2000/svg" xmlns:xlink="http://www.w3.org/1999/xlink" version="1.1"><g stroke-width="0.05" transform="scale(1.0, -1.0)"><g><g fill="#000000" transform="translate(-160.0, -90.0)"><rect width="320.0" height="180.0" /></g><line stroke-width="0.01" stroke="#FFFFFF" x1="-8.0" x2="8.0" y2="-4.5" /><g><g transform="translate(1.812528, -1.728292)"><g transform="rotate(-107.879452)"><g fill="#FFFFFF"><circle r="1.0" /><line stroke="#000000" y2="1.0" /></g></g></g></g></g></g></svg>
23<svg viewBox="-8.0 -4.5 16.0 9.0" xmlns="http://www.w3.org/2000/svg" xmlns:xlink="http://www.w3.org/1999/xlink" version="1.1"><g stroke-width="0.05" transform="scale(1.0, -1.0)"><g><g fill="#000000" transform="translate(-160.0, -90.0)"><rect width="320.0" height="180.0" /></g><line stroke-width="0.01" stroke="#FFFFFF" x1="-8.0" x2="8.0" y2="-4.5" /><g><g transform="translate(2.078793, -1.803179)"><g transform="rotate(-123.727180)"><g fill="#FFFFFF"><circle r="1.0" /><line stroke="#000000" y2="1.0" /></g></g></g></g></g></g></svg>
24<svg viewBox="-8.0 -4.5 16.0 9.0" xmlns="http://www.w3.org/2000/svg" xmlns:xlink="http://www.w3.org/1999/xlink" version="1.1"><g stroke-width="0.05" transform="scale(1.0, -1.0)"><g><g fill="#000000" transform="translate(-160.0, -90.0)"><rect width="320.0" height="180.0" /></g><line stroke-width="0.01" stroke="#FFFFFF" x1="-8.0" x2="8.0" y2="-4.5" /><g><g transform="translate(2.357124, -1.881459)"><g transform="rotate(-140.293082)"><g fill="#FFFFFF"><circle r="1.0" /><line stroke="#000000" y2="1.0" /></g></g></g></g></g></g></svg>
25<svg viewBox="-8.0 -4.5 16.0 9.0" xmlns="http://www.w3.org/2000/svg" xmlns:xlink="http://www.w3.org/1999/xlink" version="1.1"><g stroke-width="0.05" transform="scale(1.0, -1.0)"><g><g fill="#000000" transform="translate(-160.0, -90.0)"><rect width="320.0" height="180.0" /></g><line stroke-width="0.01" stroke="#FFFFFF" x1="-8.0" x2="8.0" y2="-4.5" /><g><g transform="translate(2.588476, -1.946527)"><g transform="rotate(-154.062889)"><g fill="#FFFFFF"><circle r="1.0" /><line stroke="#000000" y2="1.0" /></g></g></g></g></g></g></svg>
26<svg viewBox="-8.0 -4.5 16.0 9.0" xmlns="http://www.w3.org/2000/svg" xmlns:xlink="http://www.w3.org/1999/xlink" version="1.1"><g stroke-width="0.05" transform="scale(1.0, -1.0)"><g><g fill="#000000" transform="translate(-160.0, -90.0)"><rect width="320.0" height="180.0" /></g><line stroke-width="0.01" stroke="#FFFFFF" x1="-8.0" x2="8.0" y2="-4.5" /><g><g transform="translate(2.888526, -2.030916)"><g transform="rotate(-171.921506)"><g fill="#FFFFFF"><circle r="1.0" /><line stroke="#000000" y2="1.0" /></g></g></g></g></g></g></svg>
27<svg viewBox="-8.0 -4.5 16.0 9.0" xmlns="http://www.w3.org/2000/svg" xmlns:xlink="http://www.w3.org/1999/xlink" version="1.1"><g stroke-width="0.05" transform="scale(1.0, -1.0)"><g><g fill="#000000" transform="translate(-160.0, -90.0)"><rect width="320.0" height="180.0" /></g><line stroke-width="0.01" stroke="#FFFFFF" x1="-8.0" x2="8.0" y2="-4.5" /><g><g transform="translate(3.200643, -2.118699)"><g transform="rotate(-190.498298)"><g fill="#FFFFFF"><circle r="1.0" /><line stroke="#000000" y2="1.0" /></g></g></g></g></g></g></svg>
28<svg viewBox="-8.0 -4.5 16.0 9.0" xmlns="http://www.w3.org/2000/svg" xmlns:xlink="http://www.w3.org/1999/xlink" version="1.1"><g stroke-width="0.05" transform="scale(1.0, -1.0)"><g><g fill="#000000" transform="translate(-160.0, -90.0)"><rect width="320.0" height="180.0" /></g><line stroke-width="0.01" stroke="#FFFFFF" x1="-8.0" x2="8.0" y2="-4.5" /><g><g transform="translate(3.524826, -2.209875)"><g transform="rotate(-209.793265)"><g fill="#FFFFFF"><circle r="1.0" /><line stroke="#000000" y2="1.0" /></g></g></g></g></g></g></svg>
29<svg viewBox="-8.0 -4.5 16.0 9.0" xmlns="http://www.w3.org/2000/svg" xmlns:xlink="http://www.w3.org/1999/xlink" version="1.1"><g stroke-width="0.05" transform="scale(1.0, -1.0)"><g><g fill="#000000" transform="translate(-160.0, -90.0)"><rect width="320.0" height="180.0" /></g><line stroke-width="0.01" stroke="#FFFFFF" x1="-8.0" x2="8.0" y2="-4.5" /><g><g transform="translate(3.861075, -2.304446)"><g transform="rotate(-229.806407)"><g fill="#FFFFFF"><circle r="1.0" /><line stroke="#000000" y2="1.0" /></g></g></g></g></g></g></svg>
30<svg viewBox="-8.0 -4.5 16.0 9.0" xmlns="http://www.w3.org/2000/svg" xmlns:xlink="http://www.w3.org/1999/xlink" version="1.1"><g stroke-width="0.05" transform="scale(1.0, -1.0)"><g><g fill="#000000" transform="translate(-160.0, -90.0)"><rect width="320.0" height="180.0" /></g><line stroke-width="0.01" stroke="#FFFFFF" x1="-8.0" x2="8.0" y2="-4.5" /><g><g transform="translate(4.209391, -2.402409)"><g transform="rotate(-250.537724)"><g fill="#FFFFFF"><circle r="1.0" /><line stroke="#000000" y2="1.0" /></g></g></g></g></g></g></svg>
31<svg viewBox="-8.0 -4.5 16.0 9.0" xmlns="http://www.w3.org/2000/svg" xmlns:xlink="http://www.w3.org/1999/xlink" version="1.1"><g stroke-width="0.05" transform="scale(1.0, -1.0)"><g><g fill="#000000" transform="translate(-160.0, -90.0)"><rect width="320.0" height="180.0" /></g><line stroke-width="0.01" stroke="#FFFFFF" x1="-8.0" x2="8.0" y2="-4.5" /><g><g transform="translate(4.569773, -2.503767)"><g transform="rotate(-271.987216)"><g fill="#FFFFFF"><circle r="1.0" /><line stroke="#000000" y2="1.0" /></g></g></g></g></g></g></svg>
32<svg viewBox="-8.0 -4.5 16.0 9.0" xmlns="http://www.w3.org/2000/svg" xmlns:xlink="http://www.w3.org/1999/xlink" version="1.1"><g stroke-width="0.05" transform="scale(1.0, -1.0)"><g><g fill="#000000" transform="translate(-160.0, -90.0)"><rect width="320.0" height="180.0" /></g><line stroke-width="0.01" stroke="#FFFFFF" x1="-8.0" x2="8.0" y2="-4.5" /><g><g transform="translate(4.942222, -2.608518)"><g transform="rotate(-294.154883)"><g fill="#FFFFFF"><circle r="1.0" /><line stroke="#000000" y2="1.0" /></g></g></g></g></g></g></svg>
33<svg viewBox="-8.0 -4.5 16.0 9.0" xmlns="http://www.w3.org/2000/svg" xmlns:xlink="http://www.w3.org/1999/xlink" version="1.1"><g stroke-width="0.05" transform="scale(1.0, -1.0)"><g><g fill="#000000" transform="translate(-160.0, -90.0)"><rect width="320.0" height="180.0" /></g><line stroke-width="0.01" stroke="#FFFFFF" x1="-8.0" x2="8.0" y2="-4.5" /><g><g transform="translate(5.326737, -2.716663)"><g transform="rotate(-317.040724)"><g fill="#FFFFFF"><circle r="1.0" /><line stroke="#000000" y2="1.0" /></g></g></g></g></g></g></svg>
34<svg viewBox="-8.0 -4.5 16.0 9.0" xmlns="http://www.w3.org/2000/svg" xmlns:xlink="http://www.w3.org/1999/xlink" version="1.1"><g stroke-width="0.05" transform="scale(1.0, -1.0)"><g><g fill="#000000" transform="translate(-160.0, -90.0)"><rect width="320.0" height="180.0" /></g><line stroke-width="0.01" stroke="#FFFFFF" x1="-8.0" x2="8.0" y2="-4.5" /><g><g transform="translate(5.723318, -2.828201)"><g transform="rotate(-340.644741)"><g fill="#FFFFFF"><circle r="1.0" /><line stroke="#000000" y2="1.0" /></g></g></g></g></g></g></svg>
35<svg viewBox="-8.0 -4.5 16.0 9.0" xmlns="http://www.w3.org/2000/svg" xmlns:xlink="http://www.w3.org/1999/xlink" version="1.1"><g stroke-width="0.05" transform="scale(1.0, -1.0)"><g><g fill="#000000" transform="translate(-160.0, -90.0)"><rect width="320.0" height="180.0" /></g><line stroke-width="0.01" stroke="#FFFFFF" x1="-8.0" x2="8.0" y2="-4.5" /><g><g transform="translate(6.049270, -2.919875)"><g transform="rotate(-360.045040)"><g fill="#FFFFFF"><circle r="1.0" /><line stroke="#000000" y2="1.0" /></g></g></g></g></g></g></svg>
36<svg viewBox="-8.0 -4.5 16.0 9.0" xmlns="http://www.w3.org/2000/svg" xmlns:xlink="http://www.w3.org/1999/xlink" version="1.1"><g stroke-width="0.05" transform="scale(1.0, -1.0)"><g><g fill="#000000" transform="translate(-160.0, -90.0)"><rect width="320.0" height="180.0" /></g><line stroke-width="0.01" stroke="#FFFFFF" x1="-8.0" x2="8.0" y2="-4.5" /><g><g transform="translate(6.467571, -3.037523)"><g transform="rotate(-384.941772)"><g fill="#FFFFFF"><circle r="1.0" /><line stroke="#000000" y2="1.0" /></g></g></g></g></g></g></svg>
37<svg viewBox="-8.0 -4.5 16.0 9.0" xmlns="http://www.w3.org/2000/svg" xmlns:xlink="http://www.w3.org/1999/xlink" version="1.1"><g stroke-width="0.05" transform="scale(1.0, -1.0)"><g><g fill="#000000" transform="translate(-160.0, -90.0)"><rect width="320.0" height="180.0" /></g><line stroke-width="0.01" stroke="#FFFFFF" x1="-8.0" x2="8.0" y2="-4.5" /><g><g transform="translate(6.897938, -3.158563)"><g transform="rotate(-410.556678)"><g fill="#FFFFFF"><circle r="1.0" /><line stroke="#000000" y2="1.0" /></g></g></g></g></g></g></svg>
38<svg viewBox="-8.0 -4.5 16.0 9.0" xmlns="http://www.w3.org/2000/svg" xmlns:xlink="http://www.w3.org/1999/xlink" version="1.1"><g stroke-width="0.05" transform="scale(1.0, -1.0)"><g><g fill="#000000" transform="translate(-160.0, -90.0)"><rect width="320.0" height="180.0" /></g><line stroke-width="0.01" stroke="#FFFFFF" x1="-8.0" x2="8.0" y2="-4.5" /><g><g transform="translate(7.340372, -3.282998)"><g transform="rotate(-436.889760)"><g fill="#FFFFFF"><circle r="1.0" /><line stroke="#000000" y2="1.0" /></g></g></g></g></g></g></svg>
39<svg viewBox="-8.0 -4.5 16.0 9.0" xmlns="http://www.w3.org/2000/svg" xmlns:xlink="http://www.w3.org/1999/xlink" version="1.1"><g stroke-width="0.05" transform="scale(1.0, -1.0)"><g><g fill="#000000" transform="translate(-160.0, -90.0)"><rect width="320.0" height="180.0" /></g><line stroke-width="0.01" stroke="#FFFFFF" x1="-8.0" x2="8.0" y2="-4.5" /><g><g transform="translate(7.794871, -3.410826)"><g transform="rotate(-463.941016)"><g fill="#FFFFFF"><circle r="1.0" /><line stroke="#000000" y2="1.0" /></g></g></g></g></g></g></svg>
40<svg viewBox="-8.0 -4.5 16.0 9.0" xmlns="http://www.w3.org/2000/svg" xmlns:xlink="http://www.w3.org/1999/xlink" version="1.1"><g stroke-width="0.05" transform="scale(1.0, -1.0)"><g><g fill="#000000" transform="translate(-160.0, -90.0)"><rect width="320.0" height="180.0" /></g><line stroke-width="0.01" stroke="#FFFFFF" x1="-8.0" x2="8.0" y2="-4.5" /><g><g transform="translate(8.261437, -3.542047)"><g transform="rotate(-491.710447)"><g fill="#FFFFFF"><circle r="1.0" /><line stroke="#000000" y2="1.0" /></g></g></g></g></g></g></svg>
41<svg viewBox="-8.0 -4.5 16.0 9.0" xmlns="http://www.w3.org/2000/svg" xmlns:xlink="http://www.w3.org/1999/xlink" version="1.1"><g stroke-width="0.05" transform="scale(1.0, -1.0)"><g><g fill="#000000" transform="translate(-160.0, -90.0)"><rect width="320.0" height="180.0" /></g><line stroke-width="0.01" stroke="#FFFFFF" x1="-8.0" x2="8.0" y2="-4.5" /><g><g transform="translate(8.734439, -3.707487)"><g transform="rotate(-519.862905)"><g fill="#FFFFFF"><circle r="1.0" /><line stroke="#000000" y2="1.0" /></g></g></g></g></g></g></svg>
42<svg viewBox="-8.0 -4.5 16.0 9.0" xmlns="http://www.w3.org/2000/svg" xmlns:xlink="http://www.w3.org/1999/xlink" version="1.1"><g stroke-width="0.05" transform="scale(1.0, -1.0)"><g><g fill="#000000" transform="translate(-160.0, -90.0)"><rect width="320.0" height="180.0" /></g><line stroke-width="0.01" stroke="#FFFFFF" x1="-8.0" x2="8.0" y2="-4.5" /><g><g transform="translate(9.207440, -3.942370)"><g transform="rotate(-548.015363)"><g fill="#FFFFFF"><circle r="1.0" /><line stroke="#000000" y2="1.0" /></g></g></g></g></g></g></svg>
43<svg viewBox="-8.0 -4.5 16.0 9.0" xmlns="http://www.w3.org/2000/svg" xmlns:xlink="http://www.w3.org/1999/xlink" version="1.1"><g stroke-width="0.05" transform="scale(1.0, -1.0)"><g><g fill="#000000" transform="translate(-160.0, -90.0)"><rect width="320.0" height="180.0" /></g><line stroke-width="0.01" stroke="#FFFFFF" x1="-8.0" x2="8.0" y2="-4.5" /><g><g transform="translate(9.680442, -4.246698)"><g transform="rotate(-576.167821)"><g fill="#FFFFFF"><circle r="1.0" /><line stroke="#000000" y2="1.0" /></g></g></g></g></g></g></svg>
44<svg viewBox="-8.0 -4.5 16.0 9.0" xmlns="http://www.w3.org/2000/svg" xmlns:xlink="http://www.w3.org/1999/xlink" version="1.1"><g stroke-width="0.05" transform="scale(1.0, -1.0)"><g><g fill="#000000" transform="translate(-160.0, -90.0)"><rect width="320.0" height="180.0" /></g><line stroke-width="0.01" stroke="#FFFFFF" x1="-8.0" x2="8.0" y2="-4.5" /><g><g transform="translate(10.153443, -4.620470)"><g transform="rotate(-604.320279)"><g fill="#FFFFFF"><circle r="1.0" /><line stroke="#000000" y2="1.0" /></g></g></g></g></g></g></svg>
45<svg viewBox="-8.0 -4.5 16.0 9.0" xmlns="http://www.w3.org/2000/svg" xmlns:xlink="http://www.w3.org/1999/xlink" version="1.1"><g stroke-width="0.05" transform="scale(1.0, -1.0)"><g><g fill="#000000" transform="translate(-160.0, -90.0)"><rect width="320.0" height="180.0" /></g><line stroke-width="0.01" stroke="#FFFFFF" x1="-8.0" x2="8.0" y2="-4.5" /><g><g transform="translate(10.531845, -4.969488)"><g transform="rotate(-626.842246)"><g fill="#FFFFFF"><circle r="1.0" /><line stroke="#000000" y2="1.0" /></g></g></g></g></g></g></svg>
46<svg viewBox="-8.0 -4.5 16.0 9.0" xmlns="http://www.w3.org/2000/svg" xmlns:xlink="http://www.w3.org/1999/xlink" version="1.1"><g stroke-width="0.05" transform="scale(1.0, -1.0)"><g><g fill="#000000" transform="translate(-160.0, -90.0)"><rect width="320.0" height="180.0" /></g><line stroke-width="0.01" stroke="#FFFFFF" x1="-8.0" x2="8.0" y2="-4.5" /><g><g transform="translate(11.004846, -5.468261)"><g transform="rotate(-654.994704)"><g fill="#FFFFFF"><circle r="1.0" /><line stroke="#000000" y2="1.0" /></g></g></g></g></g></g></svg>
47<svg viewBox="-8.0 -4.5 16.0 9.0" xmlns="http://www.w3.org/2000/svg" xmlns:xlink="http://www.w3.org/1999/xlink" version="1.1"><g stroke-width="0.05" transform="scale(1.0, -1.0)"><g><g fill="#000000" transform="translate(-160.0, -90.0)"><rect width="320.0" height="180.0" /></g><line stroke-width="0.01" stroke="#FFFFFF" x1="-8.0" x2="8.0" y2="-4.5" /><g><g transform="translate(11.477848, -6.036478)"><g transform="rotate(-683.147161)"><g fill="#FFFFFF"><circle r="1.0" /><line stroke="#000000" y2="1.0" /></g></g></g></g></g></g></svg>
48<svg viewBox="-8.0 -4.5 16.0 9.0" xmlns="http://www.w3.org/2000/svg" xmlns:xlink="http://www.w3.org/1999/xlink" version="1.1"><g stroke-width="0.05" transform="scale(1.0, -1.0)"><g><g fill="#000000" transform="translate(-160.0, -90.0)"><rect width="320.0" height="180.0" /></g><line stroke-width="0.01" stroke="#FFFFFF" x1="-8.0" x2="8.0" y2="-4.5" /><g><g transform="translate(11.950849, -6.674139)"><g transform="rotate(-711.299619)"><g fill="#FFFFFF"><circle r="1.0" /><line stroke="#000000" y2="1.0" /></g></g></g></g></g></g></svg>
49Initializing cpSpace - Chipmunk v7.0.2 (Debug Enabled)
Compile with -DNDEBUG defined to disable debug mode and runtime assertion checks
